Archive member included because of file (symbol)

c:/program files (x86)/atmel/atmel toolchain/avr8 gcc/native/3.4.1051/avr8-gnu-toolchain/bin/../lib/gcc/avr/4.8.1/avrxmega7\libgcc.a(_udivmodsi4.o)
                              src/ASF/xmega/drivers/usart/usart.o (__udivmodsi4)
c:/program files (x86)/atmel/atmel toolchain/avr8 gcc/native/3.4.1051/avr8-gnu-toolchain/bin/../lib/gcc/avr/4.8.1/avrxmega7\libgcc.a(_exit.o)
                              c:/program files (x86)/atmel/atmel toolchain/avr8 gcc/native/3.4.1051/avr8-gnu-toolchain/bin/../lib/gcc/avr/4.8.1/../../../../avr/lib/avrxmega7/crtx128a1.o (exit)
c:/program files (x86)/atmel/atmel toolchain/avr8 gcc/native/3.4.1051/avr8-gnu-toolchain/bin/../lib/gcc/avr/4.8.1/avrxmega7\libgcc.a(_copy_data.o)
                              src/USART.o (__do_copy_data)
c:/program files (x86)/atmel/atmel toolchain/avr8 gcc/native/3.4.1051/avr8-gnu-toolchain/bin/../lib/gcc/avr/4.8.1/avrxmega7\libgcc.a(_clear_bss.o)
                              src/main.o (__do_clear_bss)

Allocating common symbols
Common symbol       size              file

received_byte       0x1               src/main.o
PC_USART_data       0x27              src/main.o
PCTXWaitAckNakTimer
                    0x2               src/main.o

Discarded input sections

 .bss           0x00000000        0x0 c:/program files (x86)/atmel/atmel toolchain/avr8 gcc/native/3.4.1051/avr8-gnu-toolchain/bin/../lib/gcc/avr/4.8.1/../../../../avr/lib/avrxmega7/crtx128a1.o
 .group         0x00000000        0x8 src/usart_driver.o
 .group         0x00000000        0x8 src/usart_driver.o
 .group         0x00000000        0x8 src/usart_driver.o
 .group         0x00000000        0x8 src/usart_driver.o
 .group         0x00000000        0x8 src/usart_driver.o
 .group         0x00000000        0x8 src/usart_driver.o
 .group         0x00000000        0x8 src/usart_driver.o
 .group         0x00000000        0x8 src/usart_driver.o
 .group         0x00000000        0x8 src/usart_driver.o
 .group         0x00000000        0x8 src/usart_driver.o
 .group         0x00000000        0x8 src/usart_driver.o
 .group         0x00000000        0x8 src/usart_driver.o
 .group         0x00000000        0x8 src/usart_driver.o
 .group         0x00000000        0x8 src/usart_driver.o
 .group         0x00000000        0x8 src/usart_driver.o
 .group         0x00000000        0x8 src/usart_driver.o
 .group         0x00000000        0x8 src/usart_driver.o
 .group         0x00000000        0x8 src/usart_driver.o
 .group         0x00000000        0x8 src/usart_driver.o
 .group         0x00000000        0x8 src/usart_driver.o
 .group         0x00000000        0x8 src/usart_driver.o
 .group         0x00000000        0x8 src/usart_driver.o
 .group         0x00000000        0x8 src/usart_driver.o
 .group         0x00000000        0x8 src/usart_driver.o
 .group         0x00000000        0x8 src/usart_driver.o
 .group         0x00000000        0x8 src/usart_driver.o
 .group         0x00000000        0x8 src/usart_driver.o
 .group         0x00000000        0x8 src/usart_driver.o
 .group         0x00000000        0x8 src/usart_driver.o
 .group         0x00000000        0x8 src/usart_driver.o
 .group         0x00000000        0x8 src/usart_driver.o
 .group         0x00000000        0x8 src/usart_driver.o
 .group         0x00000000        0x8 src/usart_driver.o
 .group         0x00000000        0x8 src/usart_driver.o
 .group         0x00000000        0x8 src/usart_driver.o
 .group         0x00000000        0x8 src/usart_driver.o
 .group         0x00000000        0x8 src/usart_driver.o
 .group         0x00000000        0x8 src/usart_driver.o
 .group         0x00000000        0x8 src/usart_driver.o
 .group         0x00000000        0x8 src/usart_driver.o
 .group         0x00000000        0x8 src/usart_driver.o
 .text          0x00000000        0x0 src/usart_driver.o
 .bss           0x00000000        0x0 src/usart_driver.o
 .text.USART_InterruptDriver_Initialize
                0x00000000       0x12 src/usart_driver.o
 .text.USART_InterruptDriver_DreInterruptLevel_Set
                0x00000000        0x6 src/usart_driver.o
 .text.USART_TXBuffer_FreeSpace
                0x00000000       0x14 src/usart_driver.o
 .text.USART_TXBuffer_PutByte
                0x00000000       0x38 src/usart_driver.o
 .text.USART_RXBufferData_Available
                0x00000000       0x10 src/usart_driver.o
 .text.USART_RXBuffer_GetByte
                0x00000000       0x18 src/usart_driver.o
 .text.USART_RXComplete
                0x00000000       0x2a src/usart_driver.o
 .text.USART_DataRegEmpty
                0x00000000       0x34 src/usart_driver.o
 .text.USART_NineBits_PutChar
                0x00000000       0x18 src/usart_driver.o
 .text.USART_NineBits_GetChar
                0x00000000       0x18 src/usart_driver.o
 .group         0x00000000        0x8 src/ASF/common/boards/user_board/init.o
 .group         0x00000000        0x8 src/ASF/common/boards/user_board/init.o
 .group         0x00000000        0x8 src/ASF/common/boards/user_board/init.o
 .group         0x00000000        0x8 src/ASF/common/boards/user_board/init.o
 .group         0x00000000        0x8 src/ASF/common/boards/user_board/init.o
 .group         0x00000000        0x8 src/ASF/common/boards/user_board/init.o
 .group         0x00000000        0x8 src/ASF/common/boards/user_board/init.o
 .group         0x00000000        0x8 src/ASF/common/boards/user_board/init.o
 .group         0x00000000        0x8 src/ASF/common/boards/user_board/init.o
 .group         0x00000000        0x8 src/ASF/common/boards/user_board/init.o
 .group         0x00000000        0x8 src/ASF/common/boards/user_board/init.o
 .group         0x00000000        0x8 src/ASF/common/boards/user_board/init.o
 .group         0x00000000        0x8 src/ASF/common/boards/user_board/init.o
 .group         0x00000000        0x8 src/ASF/common/boards/user_board/init.o
 .group         0x00000000        0x8 src/ASF/common/boards/user_board/init.o
 .group         0x00000000        0x8 src/ASF/common/boards/user_board/init.o
 .group         0x00000000        0x8 src/ASF/common/boards/user_board/init.o
 .group         0x00000000        0x8 src/ASF/common/boards/user_board/init.o
 .group         0x00000000        0x8 src/ASF/common/boards/user_board/init.o
 .group         0x00000000        0x8 src/ASF/common/boards/user_board/init.o
 .group         0x00000000        0x8 src/ASF/common/boards/user_board/init.o
 .group         0x00000000        0x8 src/ASF/common/boards/user_board/init.o
 .group         0x00000000        0x8 src/ASF/common/boards/user_board/init.o
 .group         0x00000000        0x8 src/ASF/common/boards/user_board/init.o
 .group         0x00000000        0x8 src/ASF/common/boards/user_board/init.o
 .group         0x00000000        0x8 src/ASF/common/boards/user_board/init.o
 .group         0x00000000        0x8 src/ASF/common/boards/user_board/init.o
 .group         0x00000000        0x8 src/ASF/common/boards/user_board/init.o
 .group         0x00000000        0x8 src/ASF/common/boards/user_board/init.o
 .group         0x00000000        0x8 src/ASF/common/boards/user_board/init.o
 .group         0x00000000        0x8 src/ASF/common/boards/user_board/init.o
 .group         0x00000000        0x8 src/ASF/common/boards/user_board/init.o
 .group         0x00000000        0x8 src/ASF/common/boards/user_board/init.o
 .group         0x00000000        0x8 src/ASF/common/boards/user_board/init.o
 .group         0x00000000        0x8 src/ASF/common/boards/user_board/init.o
 .group         0x00000000        0x8 src/ASF/common/boards/user_board/init.o
 .group         0x00000000        0x8 src/ASF/common/boards/user_board/init.o
 .group         0x00000000        0x8 src/ASF/common/boards/user_board/init.o
 .group         0x00000000        0x8 src/ASF/common/boards/user_board/init.o
 .group         0x00000000        0x8 src/ASF/common/boards/user_board/init.o
 .text          0x00000000        0x0 src/ASF/common/boards/user_board/init.o
 .bss           0x00000000        0x0 src/ASF/common/boards/user_board/init.o
 .debug_macro   0x00000000      0xa66 src/ASF/common/boards/user_board/init.o
 .debug_macro   0x00000000       0x10 src/ASF/common/boards/user_board/init.o
 .debug_macro   0x00000000      0x1ad src/ASF/common/boards/user_board/init.o
 .debug_macro   0x00000000      0x293 src/ASF/common/boards/user_board/init.o
 .debug_macro   0x00000000       0x9e src/ASF/common/boards/user_board/init.o
 .debug_macro   0x00000000     0x5272 src/ASF/common/boards/user_board/init.o
 .debug_macro   0x00000000       0x9a src/ASF/common/boards/user_board/init.o
 .debug_macro   0x00000000       0xf1 src/ASF/common/boards/user_board/init.o
 .debug_macro   0x00000000       0x34 src/ASF/common/boards/user_board/init.o
 .debug_macro   0x00000000       0x10 src/ASF/common/boards/user_board/init.o
 .debug_macro   0x00000000       0x18 src/ASF/common/boards/user_board/init.o
 .debug_macro   0x00000000       0x5e src/ASF/common/boards/user_board/init.o
 .debug_macro   0x00000000       0x10 src/ASF/common/boards/user_board/init.o
 .debug_macro   0x00000000       0x22 src/ASF/common/boards/user_board/init.o
 .debug_macro   0x00000000      0x166 src/ASF/common/boards/user_board/init.o
 .debug_macro   0x00000000       0x1c src/ASF/common/boards/user_board/init.o
 .debug_macro   0x00000000       0x35 src/ASF/common/boards/user_board/init.o
 .debug_macro   0x00000000       0x66 src/ASF/common/boards/user_board/init.o
 .debug_macro   0x00000000      0x3b9 src/ASF/common/boards/user_board/init.o
 .debug_macro   0x00000000       0x97 src/ASF/common/boards/user_board/init.o
 .debug_macro   0x00000000       0x17 src/ASF/common/boards/user_board/init.o
 .debug_macro   0x00000000      0x250 src/ASF/common/boards/user_board/init.o
 .debug_macro   0x00000000       0x76 src/ASF/common/boards/user_board/init.o
 .debug_macro   0x00000000       0x16 src/ASF/common/boards/user_board/init.o
 .debug_macro   0x00000000      0x6e0 src/ASF/common/boards/user_board/init.o
 .debug_macro   0x00000000       0x10 src/ASF/common/boards/user_board/init.o
 .debug_macro   0x00000000      0x175 src/ASF/common/boards/user_board/init.o
 .debug_macro   0x00000000       0x40 src/ASF/common/boards/user_board/init.o
 .debug_macro   0x00000000       0x69 src/ASF/common/boards/user_board/init.o
 .debug_macro   0x00000000       0x32 src/ASF/common/boards/user_board/init.o
 .debug_macro   0x00000000       0xe4 src/ASF/common/boards/user_board/init.o
 .debug_macro   0x00000000       0x34 src/ASF/common/boards/user_board/init.o
 .debug_macro   0x00000000      0x20d src/ASF/common/boards/user_board/init.o
 .debug_macro   0x00000000       0x22 src/ASF/common/boards/user_board/init.o
 .debug_macro   0x00000000       0x9a src/ASF/common/boards/user_board/init.o
 .debug_macro   0x00000000       0x2e src/ASF/common/boards/user_board/init.o
 .debug_macro   0x00000000       0x82 src/ASF/common/boards/user_board/init.o
 .debug_macro   0x00000000       0x2f src/ASF/common/boards/user_board/init.o
 .debug_macro   0x00000000      0x13f src/ASF/common/boards/user_board/init.o
 .debug_macro   0x00000000       0x3a src/ASF/common/boards/user_board/init.o
 .group         0x00000000        0x8 src/ASF/common/services/clock/xmega/sysclk.o
 .group         0x00000000        0x8 src/ASF/common/services/clock/xmega/sysclk.o
 .group         0x00000000        0x8 src/ASF/common/services/clock/xmega/sysclk.o
 .group         0x00000000        0x8 src/ASF/common/services/clock/xmega/sysclk.o
 .group         0x00000000        0x8 src/ASF/common/services/clock/xmega/sysclk.o
 .group         0x00000000        0x8 src/ASF/common/services/clock/xmega/sysclk.o
 .group         0x00000000        0x8 src/ASF/common/services/clock/xmega/sysclk.o
 .group         0x00000000        0x8 src/ASF/common/services/clock/xmega/sysclk.o
 .group         0x00000000        0x8 src/ASF/common/services/clock/xmega/sysclk.o
 .group         0x00000000        0x8 src/ASF/common/services/clock/xmega/sysclk.o
 .group         0x00000000        0x8 src/ASF/common/services/clock/xmega/sysclk.o
 .group         0x00000000        0x8 src/ASF/common/services/clock/xmega/sysclk.o
 .group         0x00000000        0x8 src/ASF/common/services/clock/xmega/sysclk.o
 .group         0x00000000        0x8 src/ASF/common/services/clock/xmega/sysclk.o
 .group         0x00000000        0x8 src/ASF/common/services/clock/xmega/sysclk.o
 .group         0x00000000        0x8 src/ASF/common/services/clock/xmega/sysclk.o
 .group         0x00000000        0x8 src/ASF/common/services/clock/xmega/sysclk.o
 .group         0x00000000        0x8 src/ASF/common/services/clock/xmega/sysclk.o
 .group         0x00000000        0x8 src/ASF/common/services/clock/xmega/sysclk.o
 .group         0x00000000        0x8 src/ASF/common/services/clock/xmega/sysclk.o
 .group         0x00000000        0x8 src/ASF/common/services/clock/xmega/sysclk.o
 .group         0x00000000        0x8 src/ASF/common/services/clock/xmega/sysclk.o
 .group         0x00000000        0x8 src/ASF/common/services/clock/xmega/sysclk.o
 .group         0x00000000        0x8 src/ASF/common/services/clock/xmega/sysclk.o
 .group         0x00000000        0x8 src/ASF/common/services/clock/xmega/sysclk.o
 .group         0x00000000        0x8 src/ASF/common/services/clock/xmega/sysclk.o
 .group         0x00000000        0x8 src/ASF/common/services/clock/xmega/sysclk.o
 .group         0x00000000        0x8 src/ASF/common/services/clock/xmega/sysclk.o
 .group         0x00000000        0x8 src/ASF/common/services/clock/xmega/sysclk.o
 .group         0x00000000        0x8 src/ASF/common/services/clock/xmega/sysclk.o
 .group         0x00000000        0x8 src/ASF/common/services/clock/xmega/sysclk.o
 .group         0x00000000        0x8 src/ASF/common/services/clock/xmega/sysclk.o
 .group         0x00000000        0x8 src/ASF/common/services/clock/xmega/sysclk.o
 .group         0x00000000        0x8 src/ASF/common/services/clock/xmega/sysclk.o
 .group         0x00000000        0x8 src/ASF/common/services/clock/xmega/sysclk.o
 .group         0x00000000        0x8 src/ASF/common/services/clock/xmega/sysclk.o
 .group         0x00000000        0x8 src/ASF/common/services/clock/xmega/sysclk.o
 .text          0x00000000        0x0 src/ASF/common/services/clock/xmega/sysclk.o
 .bss           0x00000000        0x0 src/ASF/common/services/clock/xmega/sysclk.o
 .text.sysclk_disable_module
                0x00000000       0x16 src/ASF/common/services/clock/xmega/sysclk.o
 .debug_macro   0x00000000      0xa66 src/ASF/common/services/clock/xmega/sysclk.o
 .debug_macro   0x00000000       0x10 src/ASF/common/services/clock/xmega/sysclk.o
 .debug_macro   0x00000000      0x1ad src/ASF/common/services/clock/xmega/sysclk.o
 .debug_macro   0x00000000      0x293 src/ASF/common/services/clock/xmega/sysclk.o
 .debug_macro   0x00000000       0x9e src/ASF/common/services/clock/xmega/sysclk.o
 .debug_macro   0x00000000     0x5272 src/ASF/common/services/clock/xmega/sysclk.o
 .debug_macro   0x00000000       0x9a src/ASF/common/services/clock/xmega/sysclk.o
 .debug_macro   0x00000000       0xf1 src/ASF/common/services/clock/xmega/sysclk.o
 .debug_macro   0x00000000       0x34 src/ASF/common/services/clock/xmega/sysclk.o
 .debug_macro   0x00000000       0x10 src/ASF/common/services/clock/xmega/sysclk.o
 .debug_macro   0x00000000       0x18 src/ASF/common/services/clock/xmega/sysclk.o
 .debug_macro   0x00000000       0x5e src/ASF/common/services/clock/xmega/sysclk.o
 .debug_macro   0x00000000       0x10 src/ASF/common/services/clock/xmega/sysclk.o
 .debug_macro   0x00000000       0x22 src/ASF/common/services/clock/xmega/sysclk.o
 .debug_macro   0x00000000      0x166 src/ASF/common/services/clock/xmega/sysclk.o
 .debug_macro   0x00000000       0x1c src/ASF/common/services/clock/xmega/sysclk.o
 .debug_macro   0x00000000       0x35 src/ASF/common/services/clock/xmega/sysclk.o
 .debug_macro   0x00000000       0x66 src/ASF/common/services/clock/xmega/sysclk.o
 .debug_macro   0x00000000      0x3b9 src/ASF/common/services/clock/xmega/sysclk.o
 .debug_macro   0x00000000       0x97 src/ASF/common/services/clock/xmega/sysclk.o
 .debug_macro   0x00000000       0x17 src/ASF/common/services/clock/xmega/sysclk.o
 .debug_macro   0x00000000      0x250 src/ASF/common/services/clock/xmega/sysclk.o
 .debug_macro   0x00000000       0x76 src/ASF/common/services/clock/xmega/sysclk.o
 .debug_macro   0x00000000       0x16 src/ASF/common/services/clock/xmega/sysclk.o
 .debug_macro   0x00000000      0x6e0 src/ASF/common/services/clock/xmega/sysclk.o
 .debug_macro   0x00000000       0x10 src/ASF/common/services/clock/xmega/sysclk.o
 .debug_macro   0x00000000      0x175 src/ASF/common/services/clock/xmega/sysclk.o
 .debug_macro   0x00000000       0x40 src/ASF/common/services/clock/xmega/sysclk.o
 .debug_macro   0x00000000       0x69 src/ASF/common/services/clock/xmega/sysclk.o
 .debug_macro   0x00000000       0x32 src/ASF/common/services/clock/xmega/sysclk.o
 .debug_macro   0x00000000       0xe4 src/ASF/common/services/clock/xmega/sysclk.o
 .debug_macro   0x00000000       0x2e src/ASF/common/services/clock/xmega/sysclk.o
 .debug_macro   0x00000000      0x20d src/ASF/common/services/clock/xmega/sysclk.o
 .debug_macro   0x00000000       0x22 src/ASF/common/services/clock/xmega/sysclk.o
 .debug_macro   0x00000000       0x82 src/ASF/common/services/clock/xmega/sysclk.o
 .debug_macro   0x00000000       0x2f src/ASF/common/services/clock/xmega/sysclk.o
 .debug_macro   0x00000000      0x13f src/ASF/common/services/clock/xmega/sysclk.o
 .group         0x00000000        0x8 src/ASF/common/services/ioport/xmega/ioport_compat.o
 .group         0x00000000        0x8 src/ASF/common/services/ioport/xmega/ioport_compat.o
 .group         0x00000000        0x8 src/ASF/common/services/ioport/xmega/ioport_compat.o
 .group         0x00000000        0x8 src/ASF/common/services/ioport/xmega/ioport_compat.o
 .group         0x00000000        0x8 src/ASF/common/services/ioport/xmega/ioport_compat.o
 .group         0x00000000        0x8 src/ASF/common/services/ioport/xmega/ioport_compat.o
 .group         0x00000000        0x8 src/ASF/common/services/ioport/xmega/ioport_compat.o
 .group         0x00000000        0x8 src/ASF/common/services/ioport/xmega/ioport_compat.o
 .group         0x00000000        0x8 src/ASF/common/services/ioport/xmega/ioport_compat.o
 .group         0x00000000        0x8 src/ASF/common/services/ioport/xmega/ioport_compat.o
 .group         0x00000000        0x8 src/ASF/common/services/ioport/xmega/ioport_compat.o
 .group         0x00000000        0x8 src/ASF/common/services/ioport/xmega/ioport_compat.o
 .group         0x00000000        0x8 src/ASF/common/services/ioport/xmega/ioport_compat.o
 .group         0x00000000        0x8 src/ASF/common/services/ioport/xmega/ioport_compat.o
 .group         0x00000000        0x8 src/ASF/common/services/ioport/xmega/ioport_compat.o
 .group         0x00000000        0x8 src/ASF/common/services/ioport/xmega/ioport_compat.o
 .group         0x00000000        0x8 src/ASF/common/services/ioport/xmega/ioport_compat.o
 .group         0x00000000        0x8 src/ASF/common/services/ioport/xmega/ioport_compat.o
 .group         0x00000000        0x8 src/ASF/common/services/ioport/xmega/ioport_compat.o
 .group         0x00000000        0x8 src/ASF/common/services/ioport/xmega/ioport_compat.o
 .group         0x00000000        0x8 src/ASF/common/services/ioport/xmega/ioport_compat.o
 .group         0x00000000        0x8 src/ASF/common/services/ioport/xmega/ioport_compat.o
 .group         0x00000000        0x8 src/ASF/common/services/ioport/xmega/ioport_compat.o
 .group         0x00000000        0x8 src/ASF/common/services/ioport/xmega/ioport_compat.o
 .group         0x00000000        0x8 src/ASF/common/services/ioport/xmega/ioport_compat.o
 .group         0x00000000        0x8 src/ASF/common/services/ioport/xmega/ioport_compat.o
 .group         0x00000000        0x8 src/ASF/common/services/ioport/xmega/ioport_compat.o
 .group         0x00000000        0x8 src/ASF/common/services/ioport/xmega/ioport_compat.o
 .group         0x00000000        0x8 src/ASF/common/services/ioport/xmega/ioport_compat.o
 .group         0x00000000        0x8 src/ASF/common/services/ioport/xmega/ioport_compat.o
 .group         0x00000000        0x8 src/ASF/common/services/ioport/xmega/ioport_compat.o
 .group         0x00000000        0x8 src/ASF/common/services/ioport/xmega/ioport_compat.o
 .group         0x00000000        0x8 src/ASF/common/services/ioport/xmega/ioport_compat.o
 .text          0x00000000        0x0 src/ASF/common/services/ioport/xmega/ioport_compat.o
 .bss           0x00000000        0x0 src/ASF/common/services/ioport/xmega/ioport_compat.o
 .debug_macro   0x00000000      0xa66 src/ASF/common/services/ioport/xmega/ioport_compat.o
 .debug_macro   0x00000000      0x3b9 src/ASF/common/services/ioport/xmega/ioport_compat.o
 .debug_macro   0x00000000       0x10 src/ASF/common/services/ioport/xmega/ioport_compat.o
 .debug_macro   0x00000000      0x1ad src/ASF/common/services/ioport/xmega/ioport_compat.o
 .debug_macro   0x00000000      0x293 src/ASF/common/services/ioport/xmega/ioport_compat.o
 .debug_macro   0x00000000       0x9e src/ASF/common/services/ioport/xmega/ioport_compat.o
 .debug_macro   0x00000000     0x5272 src/ASF/common/services/ioport/xmega/ioport_compat.o
 .debug_macro   0x00000000       0x9a src/ASF/common/services/ioport/xmega/ioport_compat.o
 .debug_macro   0x00000000       0xf1 src/ASF/common/services/ioport/xmega/ioport_compat.o
 .debug_macro   0x00000000       0x34 src/ASF/common/services/ioport/xmega/ioport_compat.o
 .debug_macro   0x00000000       0x10 src/ASF/common/services/ioport/xmega/ioport_compat.o
 .debug_macro   0x00000000       0x18 src/ASF/common/services/ioport/xmega/ioport_compat.o
 .debug_macro   0x00000000       0x5e src/ASF/common/services/ioport/xmega/ioport_compat.o
 .debug_macro   0x00000000       0x10 src/ASF/common/services/ioport/xmega/ioport_compat.o
 .debug_macro   0x00000000       0x22 src/ASF/common/services/ioport/xmega/ioport_compat.o
 .debug_macro   0x00000000      0x166 src/ASF/common/services/ioport/xmega/ioport_compat.o
 .debug_macro   0x00000000       0x1c src/ASF/common/services/ioport/xmega/ioport_compat.o
 .debug_macro   0x00000000       0x35 src/ASF/common/services/ioport/xmega/ioport_compat.o
 .debug_macro   0x00000000       0x66 src/ASF/common/services/ioport/xmega/ioport_compat.o
 .debug_macro   0x00000000       0x97 src/ASF/common/services/ioport/xmega/ioport_compat.o
 .debug_macro   0x00000000       0x17 src/ASF/common/services/ioport/xmega/ioport_compat.o
 .debug_macro   0x00000000      0x250 src/ASF/common/services/ioport/xmega/ioport_compat.o
 .debug_macro   0x00000000       0x76 src/ASF/common/services/ioport/xmega/ioport_compat.o
 .debug_macro   0x00000000       0x16 src/ASF/common/services/ioport/xmega/ioport_compat.o
 .debug_macro   0x00000000      0x6e0 src/ASF/common/services/ioport/xmega/ioport_compat.o
 .debug_macro   0x00000000       0x10 src/ASF/common/services/ioport/xmega/ioport_compat.o
 .debug_macro   0x00000000      0x175 src/ASF/common/services/ioport/xmega/ioport_compat.o
 .debug_macro   0x00000000       0x40 src/ASF/common/services/ioport/xmega/ioport_compat.o
 .debug_macro   0x00000000       0x69 src/ASF/common/services/ioport/xmega/ioport_compat.o
 .debug_macro   0x00000000       0x32 src/ASF/common/services/ioport/xmega/ioport_compat.o
 .debug_macro   0x00000000       0xe4 src/ASF/common/services/ioport/xmega/ioport_compat.o
 .debug_macro   0x00000000       0x9a src/ASF/common/services/ioport/xmega/ioport_compat.o
 .text          0x00000000        0x0 src/ASF/xmega/drivers/cpu/ccp.o
 .bss           0x00000000        0x0 src/ASF/xmega/drivers/cpu/ccp.o
 .group         0x00000000        0x8 src/ASF/xmega/drivers/usart/usart.o
 .group         0x00000000        0x8 src/ASF/xmega/drivers/usart/usart.o
 .group         0x00000000        0x8 src/ASF/xmega/drivers/usart/usart.o
 .group         0x00000000        0x8 src/ASF/xmega/drivers/usart/usart.o
 .group         0x00000000        0x8 src/ASF/xmega/drivers/usart/usart.o
 .group         0x00000000        0x8 src/ASF/xmega/drivers/usart/usart.o
 .group         0x00000000        0x8 src/ASF/xmega/drivers/usart/usart.o
 .group         0x00000000        0x8 src/ASF/xmega/drivers/usart/usart.o
 .group         0x00000000        0x8 src/ASF/xmega/drivers/usart/usart.o
 .group         0x00000000        0x8 src/ASF/xmega/drivers/usart/usart.o
 .group         0x00000000        0x8 src/ASF/xmega/drivers/usart/usart.o
 .group         0x00000000        0x8 src/ASF/xmega/drivers/usart/usart.o
 .group         0x00000000        0x8 src/ASF/xmega/drivers/usart/usart.o
 .group         0x00000000        0x8 src/ASF/xmega/drivers/usart/usart.o
 .group         0x00000000        0x8 src/ASF/xmega/drivers/usart/usart.o
 .group         0x00000000        0x8 src/ASF/xmega/drivers/usart/usart.o
 .group         0x00000000        0x8 src/ASF/xmega/drivers/usart/usart.o
 .group         0x00000000        0x8 src/ASF/xmega/drivers/usart/usart.o
 .group         0x00000000        0x8 src/ASF/xmega/drivers/usart/usart.o
 .group         0x00000000        0x8 src/ASF/xmega/drivers/usart/usart.o
 .group         0x00000000        0x8 src/ASF/xmega/drivers/usart/usart.o
 .group         0x00000000        0x8 src/ASF/xmega/drivers/usart/usart.o
 .group         0x00000000        0x8 src/ASF/xmega/drivers/usart/usart.o
 .group         0x00000000        0x8 src/ASF/xmega/drivers/usart/usart.o
 .group         0x00000000        0x8 src/ASF/xmega/drivers/usart/usart.o
 .group         0x00000000        0x8 src/ASF/xmega/drivers/usart/usart.o
 .group         0x00000000        0x8 src/ASF/xmega/drivers/usart/usart.o
 .group         0x00000000        0x8 src/ASF/xmega/drivers/usart/usart.o
 .group         0x00000000        0x8 src/ASF/xmega/drivers/usart/usart.o
 .group         0x00000000        0x8 src/ASF/xmega/drivers/usart/usart.o
 .group         0x00000000        0x8 src/ASF/xmega/drivers/usart/usart.o
 .group         0x00000000        0x8 src/ASF/xmega/drivers/usart/usart.o
 .group         0x00000000        0x8 src/ASF/xmega/drivers/usart/usart.o
 .group         0x00000000        0x8 src/ASF/xmega/drivers/usart/usart.o
 .group         0x00000000        0x8 src/ASF/xmega/drivers/usart/usart.o
 .group         0x00000000        0x8 src/ASF/xmega/drivers/usart/usart.o
 .group         0x00000000        0x8 src/ASF/xmega/drivers/usart/usart.o
 .group         0x00000000        0x8 src/ASF/xmega/drivers/usart/usart.o
 .group         0x00000000        0x8 src/ASF/xmega/drivers/usart/usart.o
 .text          0x00000000        0x0 src/ASF/xmega/drivers/usart/usart.o
 .bss           0x00000000        0x0 src/ASF/xmega/drivers/usart/usart.o
 .text.usart_putchar
                0x00000000       0x10 src/ASF/xmega/drivers/usart/usart.o
 .text.usart_getchar
                0x00000000        0xc src/ASF/xmega/drivers/usart/usart.o
 .text.usart_set_bsel_bscale_value
                0x00000000       0x10 src/ASF/xmega/drivers/usart/usart.o
 .text.usart_set_baudrate_precalculated
                0x00000000       0xd0 src/ASF/xmega/drivers/usart/usart.o
 .text.usart_spi_set_baudrate
                0x00000000       0x64 src/ASF/xmega/drivers/usart/usart.o
 .text.usart_init_spi
                0x00000000      0x40c src/ASF/xmega/drivers/usart/usart.o
 .progmem.data.baudctrl_32mhz
                0x00000000        0xe src/ASF/xmega/drivers/usart/usart.o
 .progmem.data.baudctrl_2mhz
                0x00000000        0xe src/ASF/xmega/drivers/usart/usart.o
 .debug_macro   0x00000000      0xa66 src/ASF/xmega/drivers/usart/usart.o
 .debug_macro   0x00000000      0x1ad src/ASF/xmega/drivers/usart/usart.o
 .debug_macro   0x00000000       0x10 src/ASF/xmega/drivers/usart/usart.o
 .debug_macro   0x00000000       0x9e src/ASF/xmega/drivers/usart/usart.o
 .debug_macro   0x00000000     0x5272 src/ASF/xmega/drivers/usart/usart.o
 .debug_macro   0x00000000       0x9a src/ASF/xmega/drivers/usart/usart.o
 .debug_macro   0x00000000       0xf1 src/ASF/xmega/drivers/usart/usart.o
 .debug_macro   0x00000000       0x34 src/ASF/xmega/drivers/usart/usart.o
 .debug_macro   0x00000000       0x10 src/ASF/xmega/drivers/usart/usart.o
 .debug_macro   0x00000000       0x18 src/ASF/xmega/drivers/usart/usart.o
 .debug_macro   0x00000000       0x5e src/ASF/xmega/drivers/usart/usart.o
 .debug_macro   0x00000000       0x10 src/ASF/xmega/drivers/usart/usart.o
 .debug_macro   0x00000000       0x22 src/ASF/xmega/drivers/usart/usart.o
 .debug_macro   0x00000000      0x166 src/ASF/xmega/drivers/usart/usart.o
 .debug_macro   0x00000000       0x1c src/ASF/xmega/drivers/usart/usart.o
 .debug_macro   0x00000000       0x35 src/ASF/xmega/drivers/usart/usart.o
 .debug_macro   0x00000000       0x66 src/ASF/xmega/drivers/usart/usart.o
 .debug_macro   0x00000000      0x3b9 src/ASF/xmega/drivers/usart/usart.o
 .debug_macro   0x00000000       0x97 src/ASF/xmega/drivers/usart/usart.o
 .debug_macro   0x00000000       0x17 src/ASF/xmega/drivers/usart/usart.o
 .debug_macro   0x00000000      0x250 src/ASF/xmega/drivers/usart/usart.o
 .debug_macro   0x00000000       0x76 src/ASF/xmega/drivers/usart/usart.o
 .debug_macro   0x00000000       0x16 src/ASF/xmega/drivers/usart/usart.o
 .debug_macro   0x00000000      0x6e0 src/ASF/xmega/drivers/usart/usart.o
 .debug_macro   0x00000000       0x10 src/ASF/xmega/drivers/usart/usart.o
 .debug_macro   0x00000000      0x175 src/ASF/xmega/drivers/usart/usart.o
 .debug_macro   0x00000000       0x40 src/ASF/xmega/drivers/usart/usart.o
 .debug_macro   0x00000000       0x69 src/ASF/xmega/drivers/usart/usart.o
 .debug_macro   0x00000000       0x32 src/ASF/xmega/drivers/usart/usart.o
 .debug_macro   0x00000000       0xe4 src/ASF/xmega/drivers/usart/usart.o
 .debug_macro   0x00000000       0x2e src/ASF/xmega/drivers/usart/usart.o
 .debug_macro   0x00000000      0x20d src/ASF/xmega/drivers/usart/usart.o
 .debug_macro   0x00000000       0x22 src/ASF/xmega/drivers/usart/usart.o
 .debug_macro   0x00000000       0x82 src/ASF/xmega/drivers/usart/usart.o
 .debug_macro   0x00000000       0x2f src/ASF/xmega/drivers/usart/usart.o
 .debug_macro   0x00000000      0x13f src/ASF/xmega/drivers/usart/usart.o
 .debug_macro   0x00000000       0x9a src/ASF/xmega/drivers/usart/usart.o
 .group         0x00000000        0x8 src/main.o
 .group         0x00000000        0x8 src/main.o
 .group         0x00000000        0x8 src/main.o
 .group         0x00000000        0x8 src/main.o
 .group         0x00000000        0x8 src/main.o
 .group         0x00000000        0x8 src/main.o
 .group         0x00000000        0x8 src/main.o
 .group         0x00000000        0x8 src/main.o
 .group         0x00000000        0x8 src/main.o
 .group         0x00000000        0x8 src/main.o
 .group         0x00000000        0x8 src/main.o
 .group         0x00000000        0x8 src/main.o
 .group         0x00000000        0x8 src/main.o
 .group         0x00000000        0x8 src/main.o
 .group         0x00000000        0x8 src/main.o
 .group         0x00000000        0x8 src/main.o
 .group         0x00000000        0x8 src/main.o
 .group         0x00000000        0x8 src/main.o
 .group         0x00000000        0x8 src/main.o
 .group         0x00000000        0x8 src/main.o
 .group         0x00000000        0x8 src/main.o
 .group         0x00000000        0x8 src/main.o
 .group         0x00000000        0x8 src/main.o
 .group         0x00000000        0x8 src/main.o
 .group         0x00000000        0x8 src/main.o
 .group         0x00000000        0x8 src/main.o
 .group         0x00000000        0x8 src/main.o
 .group         0x00000000        0x8 src/main.o
 .group         0x00000000        0x8 src/main.o
 .group         0x00000000        0x8 src/main.o
 .group         0x00000000        0x8 src/main.o
 .group         0x00000000        0x8 src/main.o
 .group         0x00000000        0x8 src/main.o
 .group         0x00000000        0x8 src/main.o
 .group         0x00000000        0x8 src/main.o
 .group         0x00000000        0x8 src/main.o
 .group         0x00000000        0x8 src/main.o
 .group         0x00000000        0x8 src/main.o
 .group         0x00000000        0x8 src/main.o
 .group         0x00000000        0x8 src/main.o
 .group         0x00000000        0x8 src/main.o
 .group         0x00000000        0x8 src/main.o
 .group         0x00000000        0x8 src/main.o
 .group         0x00000000        0x8 src/main.o
 .group         0x00000000        0x8 src/main.o
 .text          0x00000000        0x0 src/main.o
 .bss           0x00000000        0x0 src/main.o
 .debug_macro   0x00000000      0xa66 src/main.o
 .debug_macro   0x00000000       0x10 src/main.o
 .debug_macro   0x00000000      0x1ad src/main.o
 .debug_macro   0x00000000      0x293 src/main.o
 .debug_macro   0x00000000       0x9e src/main.o
 .debug_macro   0x00000000     0x5272 src/main.o
 .debug_macro   0x00000000       0x9a src/main.o
 .debug_macro   0x00000000       0xf1 src/main.o
 .debug_macro   0x00000000       0x34 src/main.o
 .debug_macro   0x00000000       0x10 src/main.o
 .debug_macro   0x00000000       0x18 src/main.o
 .debug_macro   0x00000000       0x5e src/main.o
 .debug_macro   0x00000000       0x10 src/main.o
 .debug_macro   0x00000000       0x22 src/main.o
 .debug_macro   0x00000000      0x166 src/main.o
 .debug_macro   0x00000000       0x1c src/main.o
 .debug_macro   0x00000000       0x35 src/main.o
 .debug_macro   0x00000000       0x66 src/main.o
 .debug_macro   0x00000000      0x3b9 src/main.o
 .debug_macro   0x00000000       0x97 src/main.o
 .debug_macro   0x00000000       0x17 src/main.o
 .debug_macro   0x00000000      0x250 src/main.o
 .debug_macro   0x00000000       0x76 src/main.o
 .debug_macro   0x00000000       0x16 src/main.o
 .debug_macro   0x00000000      0x6e0 src/main.o
 .debug_macro   0x00000000       0x10 src/main.o
 .debug_macro   0x00000000      0x175 src/main.o
 .debug_macro   0x00000000       0x40 src/main.o
 .debug_macro   0x00000000       0x69 src/main.o
 .debug_macro   0x00000000       0x32 src/main.o
 .debug_macro   0x00000000       0xe4 src/main.o
 .debug_macro   0x00000000       0x34 src/main.o
 .debug_macro   0x00000000      0x20d src/main.o
 .debug_macro   0x00000000       0x22 src/main.o
 .debug_macro   0x00000000       0x9a src/main.o
 .debug_macro   0x00000000       0x2e src/main.o
 .debug_macro   0x00000000       0x82 src/main.o
 .debug_macro   0x00000000       0x2f src/main.o
 .debug_macro   0x00000000      0x13f src/main.o
 .debug_macro   0x00000000       0x3a src/main.o
 .group         0x00000000        0x8 src/system.o
 .group         0x00000000        0x8 src/system.o
 .group         0x00000000        0x8 src/system.o
 .group         0x00000000        0x8 src/system.o
 .group         0x00000000        0x8 src/system.o
 .group         0x00000000        0x8 src/system.o
 .group         0x00000000        0x8 src/system.o
 .group         0x00000000        0x8 src/system.o
 .group         0x00000000        0x8 src/system.o
 .group         0x00000000        0x8 src/system.o
 .group         0x00000000        0x8 src/system.o
 .group         0x00000000        0x8 src/system.o
 .group         0x00000000        0x8 src/system.o
 .group         0x00000000        0x8 src/system.o
 .group         0x00000000        0x8 src/system.o
 .group         0x00000000        0x8 src/system.o
 .group         0x00000000        0x8 src/system.o
 .group         0x00000000        0x8 src/system.o
 .group         0x00000000        0x8 src/system.o
 .text          0x00000000        0x0 src/system.o
 .bss           0x00000000        0x0 src/system.o
 .text.clock_init
                0x00000000       0x58 src/system.o
 .debug_macro   0x00000000      0xa66 src/system.o
 .debug_macro   0x00000000      0x1ad src/system.o
 .debug_macro   0x00000000      0x293 src/system.o
 .debug_macro   0x00000000       0x58 src/system.o
 .debug_macro   0x00000000       0x10 src/system.o
 .debug_macro   0x00000000       0xeb src/system.o
 .debug_macro   0x00000000       0x1c src/system.o
 .debug_macro   0x00000000       0x66 src/system.o
 .debug_macro   0x00000000     0x5272 src/system.o
 .debug_macro   0x00000000       0x9a src/system.o
 .debug_macro   0x00000000       0xf1 src/system.o
 .debug_macro   0x00000000       0x34 src/system.o
 .debug_macro   0x00000000       0x10 src/system.o
 .debug_macro   0x00000000       0x18 src/system.o
 .debug_macro   0x00000000       0x5e src/system.o
 .debug_macro   0x00000000       0x1c src/system.o
 .group         0x00000000        0x8 src/USART.o
 .group         0x00000000        0x8 src/USART.o
 .group         0x00000000        0x8 src/USART.o
 .group         0x00000000        0x8 src/USART.o
 .group         0x00000000        0x8 src/USART.o
 .group         0x00000000        0x8 src/USART.o
 .group         0x00000000        0x8 src/USART.o
 .group         0x00000000        0x8 src/USART.o
 .group         0x00000000        0x8 src/USART.o
 .group         0x00000000        0x8 src/USART.o
 .group         0x00000000        0x8 src/USART.o
 .group         0x00000000        0x8 src/USART.o
 .group         0x00000000        0x8 src/USART.o
 .group         0x00000000        0x8 src/USART.o
 .group         0x00000000        0x8 src/USART.o
 .group         0x00000000        0x8 src/USART.o
 .group         0x00000000        0x8 src/USART.o
 .group         0x00000000        0x8 src/USART.o
 .group         0x00000000        0x8 src/USART.o
 .group         0x00000000        0x8 src/USART.o
 .group         0x00000000        0x8 src/USART.o
 .group         0x00000000        0x8 src/USART.o
 .group         0x00000000        0x8 src/USART.o
 .group         0x00000000        0x8 src/USART.o
 .group         0x00000000        0x8 src/USART.o
 .group         0x00000000        0x8 src/USART.o
 .group         0x00000000        0x8 src/USART.o
 .group         0x00000000        0x8 src/USART.o
 .group         0x00000000        0x8 src/USART.o
 .group         0x00000000        0x8 src/USART.o
 .group         0x00000000        0x8 src/USART.o
 .group         0x00000000        0x8 src/USART.o
 .group         0x00000000        0x8 src/USART.o
 .group         0x00000000        0x8 src/USART.o
 .group         0x00000000        0x8 src/USART.o
 .group         0x00000000        0x8 src/USART.o
 .group         0x00000000        0x8 src/USART.o
 .group         0x00000000        0x8 src/USART.o
 .group         0x00000000        0x8 src/USART.o
 .group         0x00000000        0x8 src/USART.o
 .group         0x00000000        0x8 src/USART.o
 .group         0x00000000        0x8 src/USART.o
 .group         0x00000000        0x8 src/USART.o
 .group         0x00000000        0x8 src/USART.o
 .group         0x00000000        0x8 src/USART.o
 .group         0x00000000        0x8 src/USART.o
 .text          0x00000000        0x0 src/USART.o
 .bss           0x00000000        0x0 src/USART.o
 .text.init_uart
                0x00000000       0x26 src/USART.o
 .text.usart_getc
                0x00000000       0x10 src/USART.o
 .text.usart_sendstring
                0x00000000       0x1e src/USART.o
 .rodata.str1.1
                0x00000000        0x8 src/USART.o
 .text.test_rs232
                0x00000000        0xe src/USART.o
 .text.echo_mode
                0x00000000       0x12 src/USART.o
 .debug_macro   0x00000000      0xa66 src/USART.o
 .debug_macro   0x00000000      0x1ad src/USART.o
 .debug_macro   0x00000000      0x293 src/USART.o
 .debug_macro   0x00000000       0x58 src/USART.o
 .debug_macro   0x00000000       0x10 src/USART.o
 .debug_macro   0x00000000       0x97 src/USART.o
 .debug_macro   0x00000000       0xeb src/USART.o
 .debug_macro   0x00000000       0x1c src/USART.o
 .debug_macro   0x00000000       0x97 src/USART.o
 .debug_macro   0x00000000       0x66 src/USART.o
 .debug_macro   0x00000000       0xaa src/USART.o
 .debug_macro   0x00000000     0x5272 src/USART.o
 .debug_macro   0x00000000       0x9a src/USART.o
 .debug_macro   0x00000000       0xf1 src/USART.o
 .debug_macro   0x00000000       0x34 src/USART.o
 .debug_macro   0x00000000       0x10 src/USART.o
 .debug_macro   0x00000000       0x18 src/USART.o
 .debug_macro   0x00000000       0x5e src/USART.o
 .debug_macro   0x00000000       0x1c src/USART.o
 .debug_macro   0x00000000       0x6a src/USART.o
 .debug_macro   0x00000000       0x10 src/USART.o
 .debug_macro   0x00000000       0x22 src/USART.o
 .debug_macro   0x00000000      0x3b9 src/USART.o
 .debug_macro   0x00000000       0x97 src/USART.o
 .debug_macro   0x00000000       0x17 src/USART.o
 .debug_macro   0x00000000      0x250 src/USART.o
 .debug_macro   0x00000000       0x76 src/USART.o
 .debug_macro   0x00000000       0x16 src/USART.o
 .debug_macro   0x00000000      0x6e0 src/USART.o
 .debug_macro   0x00000000       0x10 src/USART.o
 .debug_macro   0x00000000       0x35 src/USART.o
 .debug_macro   0x00000000      0x175 src/USART.o
 .debug_macro   0x00000000       0x40 src/USART.o
 .debug_macro   0x00000000       0x69 src/USART.o
 .debug_macro   0x00000000       0x32 src/USART.o
 .debug_macro   0x00000000       0xe4 src/USART.o
 .debug_macro   0x00000000       0x34 src/USART.o
 .debug_macro   0x00000000      0x20d src/USART.o
 .debug_macro   0x00000000       0x22 src/USART.o
 .debug_macro   0x00000000       0x9a src/USART.o
 .debug_macro   0x00000000       0x2e src/USART.o
 .debug_macro   0x00000000       0x82 src/USART.o
 .debug_macro   0x00000000       0x2f src/USART.o
 .debug_macro   0x00000000      0x13f src/USART.o
 .debug_macro   0x00000000       0x3a src/USART.o
 .text          0x00000000        0x0 c:/program files (x86)/atmel/atmel toolchain/avr8 gcc/native/3.4.1051/avr8-gnu-toolchain/bin/../lib/gcc/avr/4.8.1/avrxmega7\libgcc.a(_udivmodsi4.o)
 .bss           0x00000000        0x0 c:/program files (x86)/atmel/atmel toolchain/avr8 gcc/native/3.4.1051/avr8-gnu-toolchain/bin/../lib/gcc/avr/4.8.1/avrxmega7\libgcc.a(_udivmodsi4.o)
 .text.libgcc.mul
                0x00000000        0x0 c:/program files (x86)/atmel/atmel toolchain/avr8 gcc/native/3.4.1051/avr8-gnu-toolchain/bin/../lib/gcc/avr/4.8.1/avrxmega7\libgcc.a(_udivmodsi4.o)
 .text.libgcc   0x00000000        0x0 c:/program files (x86)/atmel/atmel toolchain/avr8 gcc/native/3.4.1051/avr8-gnu-toolchain/bin/../lib/gcc/avr/4.8.1/avrxmega7\libgcc.a(_udivmodsi4.o)
 .text.libgcc.prologue
                0x00000000        0x0 c:/program files (x86)/atmel/atmel toolchain/avr8 gcc/native/3.4.1051/avr8-gnu-toolchain/bin/../lib/gcc/avr/4.8.1/avrxmega7\libgcc.a(_udivmodsi4.o)
 .text.libgcc.builtins
                0x00000000        0x0 c:/program files (x86)/atmel/atmel toolchain/avr8 gcc/native/3.4.1051/avr8-gnu-toolchain/bin/../lib/gcc/avr/4.8.1/avrxmega7\libgcc.a(_udivmodsi4.o)
 .text.libgcc.fmul
                0x00000000        0x0 c:/program files (x86)/atmel/atmel toolchain/avr8 gcc/native/3.4.1051/avr8-gnu-toolchain/bin/../lib/gcc/avr/4.8.1/avrxmega7\libgcc.a(_udivmodsi4.o)
 .text.libgcc.fixed
                0x00000000        0x0 c:/program files (x86)/atmel/atmel toolchain/avr8 gcc/native/3.4.1051/avr8-gnu-toolchain/bin/../lib/gcc/avr/4.8.1/avrxmega7\libgcc.a(_udivmodsi4.o)
 .text          0x00000000        0x0 c:/program files (x86)/atmel/atmel toolchain/avr8 gcc/native/3.4.1051/avr8-gnu-toolchain/bin/../lib/gcc/avr/4.8.1/avrxmega7\libgcc.a(_exit.o)
 .bss           0x00000000        0x0 c:/program files (x86)/atmel/atmel toolchain/avr8 gcc/native/3.4.1051/avr8-gnu-toolchain/bin/../lib/gcc/avr/4.8.1/avrxmega7\libgcc.a(_exit.o)
 .text.libgcc.mul
                0x00000000        0x0 c:/program files (x86)/atmel/atmel toolchain/avr8 gcc/native/3.4.1051/avr8-gnu-toolchain/bin/../lib/gcc/avr/4.8.1/avrxmega7\libgcc.a(_exit.o)
 .text.libgcc.div
                0x00000000        0x0 c:/program files (x86)/atmel/atmel toolchain/avr8 gcc/native/3.4.1051/avr8-gnu-toolchain/bin/../lib/gcc/avr/4.8.1/avrxmega7\libgcc.a(_exit.o)
 .text.libgcc   0x00000000        0x0 c:/program files (x86)/atmel/atmel toolchain/avr8 gcc/native/3.4.1051/avr8-gnu-toolchain/bin/../lib/gcc/avr/4.8.1/avrxmega7\libgcc.a(_exit.o)
 .text.libgcc.prologue
                0x00000000        0x0 c:/program files (x86)/atmel/atmel toolchain/avr8 gcc/native/3.4.1051/avr8-gnu-toolchain/bin/../lib/gcc/avr/4.8.1/avrxmega7\libgcc.a(_exit.o)
 .text.libgcc.builtins
                0x00000000        0x0 c:/program files (x86)/atmel/atmel toolchain/avr8 gcc/native/3.4.1051/avr8-gnu-toolchain/bin/../lib/gcc/avr/4.8.1/avrxmega7\libgcc.a(_exit.o)
 .text.libgcc.fmul
                0x00000000        0x0 c:/program files (x86)/atmel/atmel toolchain/avr8 gcc/native/3.4.1051/avr8-gnu-toolchain/bin/../lib/gcc/avr/4.8.1/avrxmega7\libgcc.a(_exit.o)
 .text.libgcc.fixed
                0x00000000        0x0 c:/program files (x86)/atmel/atmel toolchain/avr8 gcc/native/3.4.1051/avr8-gnu-toolchain/bin/../lib/gcc/avr/4.8.1/avrxmega7\libgcc.a(_exit.o)
 .text          0x00000000        0x0 c:/program files (x86)/atmel/atmel toolchain/avr8 gcc/native/3.4.1051/avr8-gnu-toolchain/bin/../lib/gcc/avr/4.8.1/avrxmega7\libgcc.a(_copy_data.o)
 .bss           0x00000000        0x0 c:/program files (x86)/atmel/atmel toolchain/avr8 gcc/native/3.4.1051/avr8-gnu-toolchain/bin/../lib/gcc/avr/4.8.1/avrxmega7\libgcc.a(_copy_data.o)
 .text.libgcc.mul
                0x00000000        0x0 c:/program files (x86)/atmel/atmel toolchain/avr8 gcc/native/3.4.1051/avr8-gnu-toolchain/bin/../lib/gcc/avr/4.8.1/avrxmega7\libgcc.a(_copy_data.o)
 .text.libgcc.div
                0x00000000        0x0 c:/program files (x86)/atmel/atmel toolchain/avr8 gcc/native/3.4.1051/avr8-gnu-toolchain/bin/../lib/gcc/avr/4.8.1/avrxmega7\libgcc.a(_copy_data.o)
 .text.libgcc   0x00000000        0x0 c:/program files (x86)/atmel/atmel toolchain/avr8 gcc/native/3.4.1051/avr8-gnu-toolchain/bin/../lib/gcc/avr/4.8.1/avrxmega7\libgcc.a(_copy_data.o)
 .text.libgcc.prologue
                0x00000000        0x0 c:/program files (x86)/atmel/atmel toolchain/avr8 gcc/native/3.4.1051/avr8-gnu-toolchain/bin/../lib/gcc/avr/4.8.1/avrxmega7\libgcc.a(_copy_data.o)
 .text.libgcc.builtins
                0x00000000        0x0 c:/program files (x86)/atmel/atmel toolchain/avr8 gcc/native/3.4.1051/avr8-gnu-toolchain/bin/../lib/gcc/avr/4.8.1/avrxmega7\libgcc.a(_copy_data.o)
 .text.libgcc.fmul
                0x00000000        0x0 c:/program files (x86)/atmel/atmel toolchain/avr8 gcc/native/3.4.1051/avr8-gnu-toolchain/bin/../lib/gcc/avr/4.8.1/avrxmega7\libgcc.a(_copy_data.o)
 .text.libgcc.fixed
                0x00000000        0x0 c:/program files (x86)/atmel/atmel toolchain/avr8 gcc/native/3.4.1051/avr8-gnu-toolchain/bin/../lib/gcc/avr/4.8.1/avrxmega7\libgcc.a(_copy_data.o)
 .text          0x00000000        0x0 c:/program files (x86)/atmel/atmel toolchain/avr8 gcc/native/3.4.1051/avr8-gnu-toolchain/bin/../lib/gcc/avr/4.8.1/avrxmega7\libgcc.a(_clear_bss.o)
 .bss           0x00000000        0x0 c:/program files (x86)/atmel/atmel toolchain/avr8 gcc/native/3.4.1051/avr8-gnu-toolchain/bin/../lib/gcc/avr/4.8.1/avrxmega7\libgcc.a(_clear_bss.o)
 .text.libgcc.mul
                0x00000000        0x0 c:/program files (x86)/atmel/atmel toolchain/avr8 gcc/native/3.4.1051/avr8-gnu-toolchain/bin/../lib/gcc/avr/4.8.1/avrxmega7\libgcc.a(_clear_bss.o)
 .text.libgcc.div
                0x00000000        0x0 c:/program files (x86)/atmel/atmel toolchain/avr8 gcc/native/3.4.1051/avr8-gnu-toolchain/bin/../lib/gcc/avr/4.8.1/avrxmega7\libgcc.a(_clear_bss.o)
 .text.libgcc   0x00000000        0x0 c:/program files (x86)/atmel/atmel toolchain/avr8 gcc/native/3.4.1051/avr8-gnu-toolchain/bin/../lib/gcc/avr/4.8.1/avrxmega7\libgcc.a(_clear_bss.o)
 .text.libgcc.prologue
                0x00000000        0x0 c:/program files (x86)/atmel/atmel toolchain/avr8 gcc/native/3.4.1051/avr8-gnu-toolchain/bin/../lib/gcc/avr/4.8.1/avrxmega7\libgcc.a(_clear_bss.o)
 .text.libgcc.builtins
                0x00000000        0x0 c:/program files (x86)/atmel/atmel toolchain/avr8 gcc/native/3.4.1051/avr8-gnu-toolchain/bin/../lib/gcc/avr/4.8.1/avrxmega7\libgcc.a(_clear_bss.o)
 .text.libgcc.fmul
                0x00000000        0x0 c:/program files (x86)/atmel/atmel toolchain/avr8 gcc/native/3.4.1051/avr8-gnu-toolchain/bin/../lib/gcc/avr/4.8.1/avrxmega7\libgcc.a(_clear_bss.o)
 .text.libgcc.fixed
                0x00000000        0x0 c:/program files (x86)/atmel/atmel toolchain/avr8 gcc/native/3.4.1051/avr8-gnu-toolchain/bin/../lib/gcc/avr/4.8.1/avrxmega7\libgcc.a(_clear_bss.o)

Memory Configuration

Name             Origin             Length             Attributes
text             0x00000000         0x00100000         xr
data             0x00802000         0x0000ffa0         rw !x
eeprom           0x00810000         0x00010000         rw !x
fuse             0x00820000         0x00000400         rw !x
lock             0x00830000         0x00000400         rw !x
signature        0x00840000         0x00000400         rw !x
user_signatures  0x00850000         0x00000400         rw !x
*default*        0x00000000         0xffffffff

Linker script and memory map

LOAD c:/program files (x86)/atmel/atmel toolchain/avr8 gcc/native/3.4.1051/avr8-gnu-toolchain/bin/../lib/gcc/avr/4.8.1/../../../../avr/lib/avrxmega7/crtx128a1.o
LOAD src/usart_driver.o
LOAD src/ASF/common/boards/user_board/init.o
LOAD src/ASF/common/services/clock/xmega/sysclk.o
LOAD src/ASF/common/services/ioport/xmega/ioport_compat.o
LOAD src/ASF/xmega/drivers/cpu/ccp.o
LOAD src/ASF/xmega/drivers/usart/usart.o
LOAD src/main.o
LOAD src/system.o
LOAD src/USART.o
START GROUP
LOAD c:/program files (x86)/atmel/atmel toolchain/avr8 gcc/native/3.4.1051/avr8-gnu-toolchain/bin/../lib/gcc/avr/4.8.1/../../../../avr/lib/avrxmega7\libm.a
END GROUP
START GROUP
LOAD c:/program files (x86)/atmel/atmel toolchain/avr8 gcc/native/3.4.1051/avr8-gnu-toolchain/bin/../lib/gcc/avr/4.8.1/avrxmega7\libgcc.a
LOAD c:/program files (x86)/atmel/atmel toolchain/avr8 gcc/native/3.4.1051/avr8-gnu-toolchain/bin/../lib/gcc/avr/4.8.1/../../../../avr/lib/avrxmega7\libm.a
LOAD c:/program files (x86)/atmel/atmel toolchain/avr8 gcc/native/3.4.1051/avr8-gnu-toolchain/bin/../lib/gcc/avr/4.8.1/../../../../avr/lib/avrxmega7\libc.a
END GROUP

.hash
 *(.hash)

.dynsym
 *(.dynsym)

.dynstr
 *(.dynstr)

.gnu.version
 *(.gnu.version)

.gnu.version_d
 *(.gnu.version_d)

.gnu.version_r
 *(.gnu.version_r)

.rel.init
 *(.rel.init)

.rela.init
 *(.rela.init)

.rel.text
 *(.rel.text)
 *(.rel.text.*)
 *(.rel.gnu.linkonce.t*)

.rela.text
 *(.rela.text)
 *(.rela.text.*)
 *(.rela.gnu.linkonce.t*)

.rel.fini
 *(.rel.fini)

.rela.fini
 *(.rela.fini)

.rel.rodata
 *(.rel.rodata)
 *(.rel.rodata.*)
 *(.rel.gnu.linkonce.r*)

.rela.rodata
 *(.rela.rodata)
 *(.rela.rodata.*)
 *(.rela.gnu.linkonce.r*)

.rel.data
 *(.rel.data)
 *(.rel.data.*)
 *(.rel.gnu.linkonce.d*)

.rela.data
 *(.rela.data)
 *(.rela.data.*)
 *(.rela.gnu.linkonce.d*)

.rel.ctors
 *(.rel.ctors)

.rela.ctors
 *(.rela.ctors)

.rel.dtors
 *(.rel.dtors)

.rela.dtors
 *(.rela.dtors)

.rel.got
 *(.rel.got)

.rela.got
 *(.rela.got)

.rel.bss
 *(.rel.bss)

.rela.bss
 *(.rela.bss)

.rel.plt
 *(.rel.plt)

.rela.plt
 *(.rela.plt)

.text           0x00000000      0x8b4
 *(.vectors)
 .vectors       0x00000000      0x1f4 c:/program files (x86)/atmel/atmel toolchain/avr8 gcc/native/3.4.1051/avr8-gnu-toolchain/bin/../lib/gcc/avr/4.8.1/../../../../avr/lib/avrxmega7/crtx128a1.o
                0x00000000                __vector_default
                0x00000000                __vectors
 *(.vectors)
 *(.progmem.gcc*)
                0x000001f4                . = ALIGN (0x2)
                0x000001f4                __trampolines_start = .
 *(.trampolines)
 .trampolines   0x000001f4        0x0 linker stubs
 *(.trampolines*)
                0x000001f4                __trampolines_end = .
 *(.progmem*)
                0x000001f4                . = ALIGN (0x2)
 *(.jumptables)
 *(.jumptables*)
 *(.lowtext)
 *(.lowtext*)
                0x000001f4                __ctors_start = .
 *(.ctors)
                0x000001f4                __ctors_end = .
                0x000001f4                __dtors_start = .
 *(.dtors)
                0x000001f4                __dtors_end = .
 SORT(*)(.ctors)
 SORT(*)(.dtors)
 *(.init0)
 .init0         0x000001f4        0x0 c:/program files (x86)/atmel/atmel toolchain/avr8 gcc/native/3.4.1051/avr8-gnu-toolchain/bin/../lib/gcc/avr/4.8.1/../../../../avr/lib/avrxmega7/crtx128a1.o
                0x000001f4                __init
 *(.init0)
 *(.init1)
 *(.init1)
 *(.init2)
 .init2         0x000001f4       0x18 c:/program files (x86)/atmel/atmel toolchain/avr8 gcc/native/3.4.1051/avr8-gnu-toolchain/bin/../lib/gcc/avr/4.8.1/../../../../avr/lib/avrxmega7/crtx128a1.o
 *(.init2)
 *(.init3)
 *(.init3)
 *(.init4)
 .init4         0x0000020c       0x1c c:/program files (x86)/atmel/atmel toolchain/avr8 gcc/native/3.4.1051/avr8-gnu-toolchain/bin/../lib/gcc/avr/4.8.1/avrxmega7\libgcc.a(_copy_data.o)
                0x0000020c                __do_copy_data
 .init4         0x00000228       0x10 c:/program files (x86)/atmel/atmel toolchain/avr8 gcc/native/3.4.1051/avr8-gnu-toolchain/bin/../lib/gcc/avr/4.8.1/avrxmega7\libgcc.a(_clear_bss.o)
                0x00000228                __do_clear_bss
 *(.init4)
 *(.init5)
 *(.init5)
 *(.init6)
 *(.init6)
 *(.init7)
 *(.init7)
 *(.init8)
 *(.init8)
 *(.init9)
 .init9         0x00000238        0x4 c:/program files (x86)/atmel/atmel toolchain/avr8 gcc/native/3.4.1051/avr8-gnu-toolchain/bin/../lib/gcc/avr/4.8.1/../../../../avr/lib/avrxmega7/crtx128a1.o
 *(.init9)
 *(.text)
 .text          0x0000023c        0x2 c:/program files (x86)/atmel/atmel toolchain/avr8 gcc/native/3.4.1051/avr8-gnu-toolchain/bin/../lib/gcc/avr/4.8.1/../../../../avr/lib/avrxmega7/crtx128a1.o
                0x0000023c                __vector_38
                0x0000023c                __vector_104
                0x0000023c                __vector_22
                0x0000023c                __vector_63
                0x0000023c                __vector_28
                0x0000023c                __vector_67
                0x0000023c                __vector_1
                0x0000023c                __vector_119
                0x0000023c                __vector_32
                0x0000023c                __vector_75
                0x0000023c                __vector_71
                0x0000023c                __vector_91
                0x0000023c                __vector_34
                0x0000023c                __vector_62
                0x0000023c                __vector_77
                0x0000023c                __vector_102
                0x0000023c                __vector_24
                0x0000023c                __vector_12
                0x0000023c                __vector_55
                0x0000023c                __vector_69
                0x0000023c                __vector_81
                0x0000023c                __vector_90
                0x0000023c                __vector_46
                0x0000023c                __bad_interrupt
                0x0000023c                __vector_122
                0x0000023c                __vector_72
                0x0000023c                __vector_114
                0x0000023c                __vector_6
                0x0000023c                __vector_110
                0x0000023c                __vector_31
                0x0000023c                __vector_92
                0x0000023c                __vector_35
                0x0000023c                __vector_78
                0x0000023c                __vector_74
                0x0000023c                __vector_117
                0x0000023c                __vector_39
                0x0000023c                __vector_107
                0x0000023c                __vector_3
                0x0000023c                __vector_105
                0x0000023c                __vector_98
                0x0000023c                __vector_23
                0x0000023c                __vector_68
                0x0000023c                __vector_30
                0x0000023c                __vector_73
                0x0000023c                __vector_45
                0x0000023c                __vector_25
                0x0000023c                __vector_93
                0x0000023c                __vector_61
                0x0000023c                __vector_11
                0x0000023c                __vector_54
                0x0000023c                __vector_99
                0x0000023c                __vector_13
                0x0000023c                __vector_17
                0x0000023c                __vector_19
                0x0000023c                __vector_56
                0x0000023c                __vector_7
                0x0000023c                __vector_49
                0x0000023c                __vector_123
                0x0000023c                __vector_41
                0x0000023c                __vector_86
                0x0000023c                __vector_100
                0x0000023c                __vector_101
                0x0000023c                __vector_64
                0x0000023c                __vector_88
                0x0000023c                __vector_109
                0x0000023c                __vector_43
                0x0000023c                __vector_27
                0x0000023c                __vector_5
                0x0000023c                __vector_113
                0x0000023c                __vector_33
                0x0000023c                __vector_76
                0x0000023c                __vector_115
                0x0000023c                __vector_47
                0x0000023c                __vector_52
                0x0000023c                __vector_37
                0x0000023c                __vector_95
                0x0000023c                __vector_103
                0x0000023c                __vector_96
                0x0000023c                __vector_89
                0x0000023c                __vector_108
                0x0000023c                __vector_4
                0x0000023c                __vector_44
                0x0000023c                __vector_82
                0x0000023c                __vector_106
                0x0000023c                __vector_118
                0x0000023c                __vector_51
                0x0000023c                __vector_9
                0x0000023c                __vector_2
                0x0000023c                __vector_21
                0x0000023c                __vector_15
                0x0000023c                __vector_66
                0x0000023c                __vector_36
                0x0000023c                __vector_79
                0x0000023c                __vector_58
                0x0000023c                __vector_70
                0x0000023c                __vector_83
                0x0000023c                __vector_29
                0x0000023c                __vector_60
                0x0000023c                __vector_121
                0x0000023c                __vector_40
                0x0000023c                __vector_85
                0x0000023c                __vector_94
                0x0000023c                __vector_8
                0x0000023c                __vector_26
                0x0000023c                __vector_48
                0x0000023c                __vector_124
                0x0000023c                __vector_116
                0x0000023c                __vector_112
                0x0000023c                __vector_111
                0x0000023c                __vector_80
                0x0000023c                __vector_14
                0x0000023c                __vector_84
                0x0000023c                __vector_57
                0x0000023c                __vector_53
                0x0000023c                __vector_10
                0x0000023c                __vector_50
                0x0000023c                __vector_16
                0x0000023c                __vector_59
                0x0000023c                __vector_18
                0x0000023c                __vector_97
                0x0000023c                __vector_20
                0x0000023c                __vector_42
                0x0000023c                __vector_87
                0x0000023c                __vector_65
                0x0000023c                __vector_120
                0x0000023e                . = ALIGN (0x2)
 *(.text.*)
 .text.board_init
                0x0000023e        0x2 src/ASF/common/boards/user_board/init.o
                0x0000023e                board_init
 .text.sysclk_init
                0x00000240       0x80 src/ASF/common/services/clock/xmega/sysclk.o
                0x00000240                sysclk_init
 .text.sysclk_enable_module
                0x000002c0       0x18 src/ASF/common/services/clock/xmega/sysclk.o
                0x000002c0                sysclk_enable_module
 .text.ccp_write_io
                0x000002d8        0xc src/ASF/xmega/drivers/cpu/ccp.o
                0x000002d8                ccp_write_io
 .text.usart_set_baudrate
                0x000002e4      0x20c src/ASF/xmega/drivers/usart/usart.o
                0x000002e4                usart_set_baudrate
 .text.usart_init_rs232
                0x000004f0      0x2c8 src/ASF/xmega/drivers/usart/usart.o
                0x000004f0                usart_init_rs232
 .text.main     0x000007b8       0x12 src/main.o
                0x000007b8                main
 .text.init_Rs232
                0x000007ca       0x36 src/USART.o
                0x000007ca                init_Rs232
 .text.usart_putc
                0x00000800       0x10 src/USART.o
                0x00000800                usart_putc
 .text.echo_mode_string
                0x00000810       0x5c src/USART.o
                0x00000810                echo_mode_string
 .text.libgcc.div
                0x0000086c       0x44 c:/program files (x86)/atmel/atmel toolchain/avr8 gcc/native/3.4.1051/avr8-gnu-toolchain/bin/../lib/gcc/avr/4.8.1/avrxmega7\libgcc.a(_udivmodsi4.o)
                0x0000086c                __udivmodsi4
                0x000008b0                . = ALIGN (0x2)
 *(.fini9)
 .fini9         0x000008b0        0x0 c:/program files (x86)/atmel/atmel toolchain/avr8 gcc/native/3.4.1051/avr8-gnu-toolchain/bin/../lib/gcc/avr/4.8.1/avrxmega7\libgcc.a(_exit.o)
                0x000008b0                _exit
                0x000008b0                exit
 *(.fini9)
 *(.fini8)
 *(.fini8)
 *(.fini7)
 *(.fini7)
 *(.fini6)
 *(.fini6)
 *(.fini5)
 *(.fini5)
 *(.fini4)
 *(.fini4)
 *(.fini3)
 *(.fini3)
 *(.fini2)
 *(.fini2)
 *(.fini1)
 *(.fini1)
 *(.fini0)
 .fini0         0x000008b0        0x4 c:/program files (x86)/atmel/atmel toolchain/avr8 gcc/native/3.4.1051/avr8-gnu-toolchain/bin/../lib/gcc/avr/4.8.1/avrxmega7\libgcc.a(_exit.o)
 *(.fini0)
                0x000008b4                _etext = .

.data           0x00802000        0x8 load address 0x000008b4
                0x00802000                PROVIDE (__data_start, .)
 *(.data)
 .data          0x00802000        0x0 c:/program files (x86)/atmel/atmel toolchain/avr8 gcc/native/3.4.1051/avr8-gnu-toolchain/bin/../lib/gcc/avr/4.8.1/../../../../avr/lib/avrxmega7/crtx128a1.o
 .data          0x00802000        0x0 src/usart_driver.o
 .data          0x00802000        0x0 src/ASF/common/boards/user_board/init.o
 .data          0x00802000        0x0 src/ASF/common/services/clock/xmega/sysclk.o
 .data          0x00802000        0x0 src/ASF/common/services/ioport/xmega/ioport_compat.o
 .data          0x00802000        0x0 src/ASF/xmega/drivers/cpu/ccp.o
 .data          0x00802000        0x0 src/ASF/xmega/drivers/usart/usart.o
 .data          0x00802000        0x0 src/main.o
 .data          0x00802000        0x0 src/system.o
 .data          0x00802000        0x0 src/USART.o
 .data          0x00802000        0x0 c:/program files (x86)/atmel/atmel toolchain/avr8 gcc/native/3.4.1051/avr8-gnu-toolchain/bin/../lib/gcc/avr/4.8.1/avrxmega7\libgcc.a(_udivmodsi4.o)
 .data          0x00802000        0x0 c:/program files (x86)/atmel/atmel toolchain/avr8 gcc/native/3.4.1051/avr8-gnu-toolchain/bin/../lib/gcc/avr/4.8.1/avrxmega7\libgcc.a(_exit.o)
 .data          0x00802000        0x0 c:/program files (x86)/atmel/atmel toolchain/avr8 gcc/native/3.4.1051/avr8-gnu-toolchain/bin/../lib/gcc/avr/4.8.1/avrxmega7\libgcc.a(_copy_data.o)
 .data          0x00802000        0x0 c:/program files (x86)/atmel/atmel toolchain/avr8 gcc/native/3.4.1051/avr8-gnu-toolchain/bin/../lib/gcc/avr/4.8.1/avrxmega7\libgcc.a(_clear_bss.o)
 *(.data*)
 .data.USART_SERIAL_OPTIONS
                0x00802000        0x7 src/USART.o
 *(.rodata)
 *(.rodata*)
 *(.gnu.linkonce.d*)
                0x00802008                . = ALIGN (0x2)
 *fill*         0x00802007        0x1 
                0x00802008                _edata = .
                0x00802008                PROVIDE (__data_end, .)

.bss            0x00802008       0x2a
                0x00802008                PROVIDE (__bss_start, .)
 *(.bss)
 *(.bss*)
 *(COMMON)
 COMMON         0x00802008       0x2a src/main.o
                0x00802008                received_byte
                0x00802009                PC_USART_data
                0x00802030                PCTXWaitAckNakTimer
                0x00802032                PROVIDE (__bss_end, .)
                0x000008b4                __data_load_start = LOADADDR (.data)
                0x000008bc                __data_load_end = (__data_load_start + SIZEOF (.data))

.noinit         0x00802032        0x0
                0x00802032                PROVIDE (__noinit_start, .)
 *(.noinit*)
                0x00802032                PROVIDE (__noinit_end, .)
                0x00802032                _end = .
                0x00802032                PROVIDE (__heap_start, .)

.eeprom         0x00810000        0x0
 *(.eeprom*)
                0x00810000                __eeprom_end = .

.fuse
 *(.fuse)
 *(.lfuse)
 *(.hfuse)
 *(.efuse)

.lock
 *(.lock*)

.signature
 *(.signature*)

.user_signatures
 *(.user_signatures*)

.stab
 *(.stab)

.stabstr
 *(.stabstr)

.stab.excl
 *(.stab.excl)

.stab.exclstr
 *(.stab.exclstr)

.stab.index
 *(.stab.index)

.stab.indexstr
 *(.stab.indexstr)

.comment        0x00000000       0x30
 *(.comment)
 .comment       0x00000000       0x30 src/usart_driver.o
                                 0x31 (size before relaxing)
 .comment       0x00000000       0x31 src/ASF/common/boards/user_board/init.o
 .comment       0x00000000       0x31 src/ASF/common/services/clock/xmega/sysclk.o
 .comment       0x00000000       0x31 src/ASF/common/services/ioport/xmega/ioport_compat.o
 .comment       0x00000000       0x31 src/ASF/xmega/drivers/usart/usart.o
 .comment       0x00000000       0x31 src/main.o
 .comment       0x00000000       0x31 src/system.o
 .comment       0x00000000       0x31 src/USART.o

.note.gnu.build-id
 *(.note.gnu.build-id)

.debug
 *(.debug)

.line
 *(.line)

.debug_srcinfo
 *(.debug_srcinfo)

.debug_sfnames
 *(.debug_sfnames)

.debug_aranges  0x00000000      0x1e0
 *(.debug_aranges)
 .debug_aranges
                0x00000000       0x68 src/usart_driver.o
 .debug_aranges
                0x00000068       0x20 src/ASF/common/boards/user_board/init.o
 .debug_aranges
                0x00000088       0x30 src/ASF/common/services/clock/xmega/sysclk.o
 .debug_aranges
                0x000000b8       0x18 src/ASF/common/services/ioport/xmega/ioport_compat.o
 .debug_aranges
                0x000000d0       0x20 src/ASF/xmega/drivers/cpu/ccp.o
 .debug_aranges
                0x000000f0       0x58 src/ASF/xmega/drivers/usart/usart.o
 .debug_aranges
                0x00000148       0x20 src/main.o
 .debug_aranges
                0x00000168       0x20 src/system.o
 .debug_aranges
                0x00000188       0x58 src/USART.o

.debug_pubnames
 *(.debug_pubnames)

.debug_info     0x00000000     0x6ced
 *(.debug_info .gnu.linkonce.wi.*)
 .debug_info    0x00000000      0x5cc src/usart_driver.o
 .debug_info    0x000005cc       0xd3 src/ASF/common/boards/user_board/init.o
 .debug_info    0x0000069f      0x951 src/ASF/common/services/clock/xmega/sysclk.o
 .debug_info    0x00000ff0       0x6f src/ASF/common/services/ioport/xmega/ioport_compat.o
 .debug_info    0x0000105f       0x8d src/ASF/xmega/drivers/cpu/ccp.o
 .debug_info    0x000010ec     0x330a src/ASF/xmega/drivers/usart/usart.o
 .debug_info    0x000043f6      0x356 src/main.o
 .debug_info    0x0000474c      0x340 src/system.o
 .debug_info    0x00004a8c     0x2261 src/USART.o

.debug_abbrev   0x00000000      0xe30
 *(.debug_abbrev)
 .debug_abbrev  0x00000000      0x21c src/usart_driver.o
 .debug_abbrev  0x0000021c       0x7a src/ASF/common/boards/user_board/init.o
 .debug_abbrev  0x00000296      0x273 src/ASF/common/services/clock/xmega/sysclk.o
 .debug_abbrev  0x00000509       0x29 src/ASF/common/services/ioport/xmega/ioport_compat.o
 .debug_abbrev  0x00000532       0x14 src/ASF/xmega/drivers/cpu/ccp.o
 .debug_abbrev  0x00000546      0x3e8 src/ASF/xmega/drivers/usart/usart.o
 .debug_abbrev  0x0000092e      0x172 src/main.o
 .debug_abbrev  0x00000aa0       0xcc src/system.o
 .debug_abbrev  0x00000b6c      0x2c4 src/USART.o

.debug_line     0x00000000     0x3527
 *(.debug_line .debug_line.* .debug_line_end)
 .debug_line    0x00000000      0x79a src/usart_driver.o
 .debug_line    0x0000079a      0x599 src/ASF/common/boards/user_board/init.o
 .debug_line    0x00000d33      0x5f2 src/ASF/common/services/clock/xmega/sysclk.o
 .debug_line    0x00001325      0x424 src/ASF/common/services/ioport/xmega/ioport_compat.o
 .debug_line    0x00001749       0x6e src/ASF/xmega/drivers/cpu/ccp.o
 .debug_line    0x000017b7      0xcf8 src/ASF/xmega/drivers/usart/usart.o
 .debug_line    0x000024af      0x5f4 src/main.o
 .debug_line    0x00002aa3      0x2e2 src/system.o
 .debug_line    0x00002d85      0x7a2 src/USART.o

.debug_frame    0x00000000      0x370
 *(.debug_frame)
 .debug_frame   0x00000000       0xc4 src/usart_driver.o
 .debug_frame   0x000000c4       0x24 src/ASF/common/boards/user_board/init.o
 .debug_frame   0x000000e8       0x44 src/ASF/common/services/clock/xmega/sysclk.o
 .debug_frame   0x0000012c      0x140 src/ASF/xmega/drivers/usart/usart.o
 .debug_frame   0x0000026c       0x24 src/main.o
 .debug_frame   0x00000290       0x24 src/system.o
 .debug_frame   0x000002b4       0xbc src/USART.o

.debug_str      0x00000000    0x261ff
 *(.debug_str)
 .debug_str     0x00000000    0x2449a src/usart_driver.o
                              0x24b83 (size before relaxing)
 .debug_str     0x0002449a       0x36 src/ASF/common/boards/user_board/init.o
                              0x24329 (size before relaxing)
 .debug_str     0x000244d0      0x329 src/ASF/common/services/clock/xmega/sysclk.o
                              0x2433c (size before relaxing)
 .debug_str     0x000247f9      0x3c9 src/ASF/common/services/ioport/xmega/ioport_compat.o
                              0x23375 (size before relaxing)
 .debug_str     0x00024bc2      0xf36 src/ASF/xmega/drivers/usart/usart.o
                              0x25488 (size before relaxing)
 .debug_str     0x00025af8      0x639 src/main.o
                              0x24b41 (size before relaxing)
 .debug_str     0x00026131       0x55 src/system.o
                              0x16c54 (size before relaxing)
 .debug_str     0x00026186       0x79 src/USART.o
                              0x255ca (size before relaxing)

.debug_loc      0x00000000     0x17e3
 *(.debug_loc)
 .debug_loc     0x00000000      0x3ef src/usart_driver.o
 .debug_loc     0x000003ef      0x2ad src/ASF/common/services/clock/xmega/sysclk.o
 .debug_loc     0x0000069c      0xfd3 src/ASF/xmega/drivers/usart/usart.o
 .debug_loc     0x0000166f       0x1e src/system.o
 .debug_loc     0x0000168d      0x156 src/USART.o

.debug_macinfo
 *(.debug_macinfo)

.debug_weaknames
 *(.debug_weaknames)

.debug_funcnames
 *(.debug_funcnames)

.debug_typenames
 *(.debug_typenames)

.debug_varnames
 *(.debug_varnames)

.debug_pubtypes
 *(.debug_pubtypes)

.debug_ranges   0x00000000      0x170
 *(.debug_ranges)
 .debug_ranges  0x00000000       0x58 src/usart_driver.o
 .debug_ranges  0x00000058       0x10 src/ASF/common/boards/user_board/init.o
 .debug_ranges  0x00000068       0x20 src/ASF/common/services/clock/xmega/sysclk.o
 .debug_ranges  0x00000088       0x80 src/ASF/xmega/drivers/usart/usart.o
 .debug_ranges  0x00000108       0x10 src/main.o
 .debug_ranges  0x00000118       0x10 src/system.o
 .debug_ranges  0x00000128       0x48 src/USART.o

.debug_macro    0x00000000     0x952f
 *(.debug_macro)
 .debug_macro   0x00000000      0x238 src/usart_driver.o
 .debug_macro   0x00000238      0xa66 src/usart_driver.o
 .debug_macro   0x00000c9e       0x10 src/usart_driver.o
 .debug_macro   0x00000cae      0x1ad src/usart_driver.o
 .debug_macro   0x00000e5b      0x293 src/usart_driver.o
 .debug_macro   0x000010ee       0x9e src/usart_driver.o
 .debug_macro   0x0000118c     0x5272 src/usart_driver.o
 .debug_macro   0x000063fe       0x9a src/usart_driver.o
 .debug_macro   0x00006498       0xf1 src/usart_driver.o
 .debug_macro   0x00006589       0x34 src/usart_driver.o
 .debug_macro   0x000065bd       0x10 src/usart_driver.o
 .debug_macro   0x000065cd       0x18 src/usart_driver.o
 .debug_macro   0x000065e5       0x5e src/usart_driver.o
 .debug_macro   0x00006643       0x10 src/usart_driver.o
 .debug_macro   0x00006653       0x22 src/usart_driver.o
 .debug_macro   0x00006675      0x166 src/usart_driver.o
 .debug_macro   0x000067db       0x1c src/usart_driver.o
 .debug_macro   0x000067f7       0x35 src/usart_driver.o
 .debug_macro   0x0000682c       0x66 src/usart_driver.o
 .debug_macro   0x00006892      0x3b9 src/usart_driver.o
 .debug_macro   0x00006c4b       0x97 src/usart_driver.o
 .debug_macro   0x00006ce2       0x17 src/usart_driver.o
 .debug_macro   0x00006cf9      0x250 src/usart_driver.o
 .debug_macro   0x00006f49       0x76 src/usart_driver.o
 .debug_macro   0x00006fbf       0x16 src/usart_driver.o
 .debug_macro   0x00006fd5      0x6e0 src/usart_driver.o
 .debug_macro   0x000076b5       0x10 src/usart_driver.o
 .debug_macro   0x000076c5      0x175 src/usart_driver.o
 .debug_macro   0x0000783a       0x40 src/usart_driver.o
 .debug_macro   0x0000787a       0x69 src/usart_driver.o
 .debug_macro   0x000078e3       0x32 src/usart_driver.o
 .debug_macro   0x00007915       0xe4 src/usart_driver.o
 .debug_macro   0x000079f9       0x34 src/usart_driver.o
 .debug_macro   0x00007a2d      0x20d src/usart_driver.o
 .debug_macro   0x00007c3a       0x22 src/usart_driver.o
 .debug_macro   0x00007c5c       0x9a src/usart_driver.o
 .debug_macro   0x00007cf6       0x2e src/usart_driver.o
 .debug_macro   0x00007d24       0x82 src/usart_driver.o
 .debug_macro   0x00007da6       0x2f src/usart_driver.o
 .debug_macro   0x00007dd5      0x13f src/usart_driver.o
 .debug_macro   0x00007f14       0x3a src/usart_driver.o
 .debug_macro   0x00007f4e       0x7e src/usart_driver.o
 .debug_macro   0x00007fcc      0x229 src/ASF/common/boards/user_board/init.o
 .debug_macro   0x000081f5      0x1dc src/ASF/common/services/clock/xmega/sysclk.o
 .debug_macro   0x000083d1      0x18f src/ASF/common/services/ioport/xmega/ioport_compat.o
 .debug_macro   0x00008560      0x109 src/ASF/common/services/ioport/xmega/ioport_compat.o
 .debug_macro   0x00008669      0x218 src/ASF/xmega/drivers/usart/usart.o
 .debug_macro   0x00008881      0x299 src/ASF/xmega/drivers/usart/usart.o
 .debug_macro   0x00008b1a       0x34 src/ASF/xmega/drivers/usart/usart.o
 .debug_macro   0x00008b4e      0x271 src/main.o
 .debug_macro   0x00008dbf       0x58 src/main.o
 .debug_macro   0x00008e17       0x10 src/main.o
 .debug_macro   0x00008e27       0xeb src/main.o
 .debug_macro   0x00008f12       0x1c src/main.o
 .debug_macro   0x00008f2e       0x6a src/main.o
 .debug_macro   0x00008f98       0xd8 src/system.o
 .debug_macro   0x00009070       0x97 src/system.o
 .debug_macro   0x00009107       0x97 src/system.o
 .debug_macro   0x0000919e       0xaa src/system.o
 .debug_macro   0x00009248      0x268 src/USART.o
 .debug_macro   0x000094b0       0x7f src/USART.o
OUTPUT(xMega_refactored.elf elf32-avr)
LOAD linker stubs
