Archive member included because of file (symbol)

c:/program files (x86)/atmel/atmel toolchain/avr8 gcc/native/3.4.1051/avr8-gnu-toolchain/bin/../lib/gcc/avr/4.8.1/avrxmega7\libgcc.a(_udivmodsi4.o)
                              src/ASF/xmega/drivers/usart/usart.o (__udivmodsi4)
c:/program files (x86)/atmel/atmel toolchain/avr8 gcc/native/3.4.1051/avr8-gnu-toolchain/bin/../lib/gcc/avr/4.8.1/avrxmega7\libgcc.a(_exit.o)
                              c:/program files (x86)/atmel/atmel toolchain/avr8 gcc/native/3.4.1051/avr8-gnu-toolchain/bin/../lib/gcc/avr/4.8.1/../../../../avr/lib/avrxmega7/crtx128a1.o (exit)
c:/program files (x86)/atmel/atmel toolchain/avr8 gcc/native/3.4.1051/avr8-gnu-toolchain/bin/../lib/gcc/avr/4.8.1/avrxmega7\libgcc.a(_copy_data.o)
                              src/PCTX.o (__do_copy_data)
c:/program files (x86)/atmel/atmel toolchain/avr8 gcc/native/3.4.1051/avr8-gnu-toolchain/bin/../lib/gcc/avr/4.8.1/avrxmega7\libgcc.a(_clear_bss.o)
                              src/PCTX.o (__do_clear_bss)
c:/program files (x86)/atmel/atmel toolchain/avr8 gcc/native/3.4.1051/avr8-gnu-toolchain/bin/../lib/gcc/avr/4.8.1/../../../../avr/lib/avrxmega7\libc.a(memset.o)
                              src/ASF/common/services/clock/xmega/sysclk.o (memset)

Allocating common symbols
Common symbol       size              file

rx_buf              0x2               src/PCTX.o
rs232_com_success   0x1               src/system.o
tx_buf              0x2               src/PCTX.o

Discarded input sections

 .bss           0x00000000        0x0 c:/program files (x86)/atmel/atmel toolchain/avr8 gcc/native/3.4.1051/avr8-gnu-toolchain/bin/../lib/gcc/avr/4.8.1/../../../../avr/lib/avrxmega7/crtx128a1.o
 .group         0x00000000        0x8 src/PCTX.o
 .group         0x00000000        0x8 src/PCTX.o
 .group         0x00000000        0x8 src/PCTX.o
 .group         0x00000000        0x8 src/PCTX.o
 .group         0x00000000        0x8 src/PCTX.o
 .group         0x00000000        0x8 src/PCTX.o
 .group         0x00000000        0x8 src/PCTX.o
 .group         0x00000000        0x8 src/PCTX.o
 .group         0x00000000        0x8 src/PCTX.o
 .group         0x00000000        0x8 src/PCTX.o
 .group         0x00000000        0x8 src/PCTX.o
 .group         0x00000000        0x8 src/PCTX.o
 .group         0x00000000        0x8 src/PCTX.o
 .group         0x00000000        0x8 src/PCTX.o
 .group         0x00000000        0x8 src/PCTX.o
 .group         0x00000000        0x8 src/PCTX.o
 .group         0x00000000        0x8 src/PCTX.o
 .group         0x00000000        0x8 src/PCTX.o
 .group         0x00000000        0x8 src/PCTX.o
 .group         0x00000000        0x8 src/PCTX.o
 .group         0x00000000        0x8 src/PCTX.o
 .group         0x00000000        0x8 src/PCTX.o
 .group         0x00000000        0x8 src/PCTX.o
 .group         0x00000000        0x8 src/PCTX.o
 .group         0x00000000        0x8 src/PCTX.o
 .group         0x00000000        0x8 src/PCTX.o
 .group         0x00000000        0x8 src/PCTX.o
 .group         0x00000000        0x8 src/PCTX.o
 .group         0x00000000        0x8 src/PCTX.o
 .group         0x00000000        0x8 src/PCTX.o
 .group         0x00000000        0x8 src/PCTX.o
 .group         0x00000000        0x8 src/PCTX.o
 .group         0x00000000        0x8 src/PCTX.o
 .group         0x00000000        0x8 src/PCTX.o
 .group         0x00000000        0x8 src/PCTX.o
 .group         0x00000000        0x8 src/PCTX.o
 .group         0x00000000        0x8 src/PCTX.o
 .group         0x00000000        0x8 src/PCTX.o
 .group         0x00000000        0x8 src/PCTX.o
 .group         0x00000000        0x8 src/PCTX.o
 .group         0x00000000        0x8 src/PCTX.o
 .group         0x00000000        0x8 src/PCTX.o
 .group         0x00000000        0x8 src/PCTX.o
 .group         0x00000000        0x8 src/PCTX.o
 .text          0x00000000        0x0 src/PCTX.o
 .bss           0x00000000        0x0 src/PCTX.o
 .text.send_conf_packet
                0x00000000       0x3e src/PCTX.o
 .text.testing_com
                0x00000000       0x14 src/PCTX.o
 .rodata.start_length
                0x00000000        0x1 src/PCTX.o
 .rodata.start_seq
                0x00000000        0x8 src/PCTX.o
 .group         0x00000000        0x8 src/RS232.o
 .group         0x00000000        0x8 src/RS232.o
 .group         0x00000000        0x8 src/RS232.o
 .group         0x00000000        0x8 src/RS232.o
 .group         0x00000000        0x8 src/RS232.o
 .group         0x00000000        0x8 src/RS232.o
 .group         0x00000000        0x8 src/RS232.o
 .group         0x00000000        0x8 src/RS232.o
 .group         0x00000000        0x8 src/RS232.o
 .group         0x00000000        0x8 src/RS232.o
 .group         0x00000000        0x8 src/RS232.o
 .group         0x00000000        0x8 src/RS232.o
 .group         0x00000000        0x8 src/RS232.o
 .group         0x00000000        0x8 src/RS232.o
 .group         0x00000000        0x8 src/RS232.o
 .group         0x00000000        0x8 src/RS232.o
 .group         0x00000000        0x8 src/RS232.o
 .group         0x00000000        0x8 src/RS232.o
 .group         0x00000000        0x8 src/RS232.o
 .group         0x00000000        0x8 src/RS232.o
 .group         0x00000000        0x8 src/RS232.o
 .group         0x00000000        0x8 src/RS232.o
 .group         0x00000000        0x8 src/RS232.o
 .group         0x00000000        0x8 src/RS232.o
 .group         0x00000000        0x8 src/RS232.o
 .group         0x00000000        0x8 src/RS232.o
 .group         0x00000000        0x8 src/RS232.o
 .group         0x00000000        0x8 src/RS232.o
 .group         0x00000000        0x8 src/RS232.o
 .group         0x00000000        0x8 src/RS232.o
 .group         0x00000000        0x8 src/RS232.o
 .group         0x00000000        0x8 src/RS232.o
 .group         0x00000000        0x8 src/RS232.o
 .group         0x00000000        0x8 src/RS232.o
 .group         0x00000000        0x8 src/RS232.o
 .group         0x00000000        0x8 src/RS232.o
 .group         0x00000000        0x8 src/RS232.o
 .group         0x00000000        0x8 src/RS232.o
 .group         0x00000000        0x8 src/RS232.o
 .group         0x00000000        0x8 src/RS232.o
 .group         0x00000000        0x8 src/RS232.o
 .text          0x00000000        0x0 src/RS232.o
 .bss           0x00000000        0x0 src/RS232.o
 .rodata.str1.1
                0x00000000       0x17 src/RS232.o
 .text.test_rs232_com
                0x00000000       0x80 src/RS232.o
 .debug_macro   0x00000000      0xa66 src/RS232.o
 .debug_macro   0x00000000       0x10 src/RS232.o
 .debug_macro   0x00000000      0x1ad src/RS232.o
 .debug_macro   0x00000000       0x9e src/RS232.o
 .debug_macro   0x00000000     0x5272 src/RS232.o
 .debug_macro   0x00000000       0x9a src/RS232.o
 .debug_macro   0x00000000       0xf1 src/RS232.o
 .debug_macro   0x00000000       0x34 src/RS232.o
 .debug_macro   0x00000000       0x10 src/RS232.o
 .debug_macro   0x00000000       0x18 src/RS232.o
 .debug_macro   0x00000000       0x5e src/RS232.o
 .debug_macro   0x00000000       0x10 src/RS232.o
 .debug_macro   0x00000000       0x22 src/RS232.o
 .debug_macro   0x00000000      0x166 src/RS232.o
 .debug_macro   0x00000000       0x1c src/RS232.o
 .debug_macro   0x00000000       0x35 src/RS232.o
 .debug_macro   0x00000000       0x66 src/RS232.o
 .debug_macro   0x00000000      0x3b9 src/RS232.o
 .debug_macro   0x00000000       0x97 src/RS232.o
 .debug_macro   0x00000000       0x17 src/RS232.o
 .debug_macro   0x00000000      0x250 src/RS232.o
 .debug_macro   0x00000000       0x76 src/RS232.o
 .debug_macro   0x00000000       0x16 src/RS232.o
 .debug_macro   0x00000000      0x6e0 src/RS232.o
 .debug_macro   0x00000000       0x10 src/RS232.o
 .debug_macro   0x00000000      0x175 src/RS232.o
 .debug_macro   0x00000000       0x40 src/RS232.o
 .debug_macro   0x00000000       0x69 src/RS232.o
 .debug_macro   0x00000000       0x32 src/RS232.o
 .debug_macro   0x00000000       0xe4 src/RS232.o
 .debug_macro   0x00000000       0x34 src/RS232.o
 .debug_macro   0x00000000      0x20d src/RS232.o
 .debug_macro   0x00000000       0x22 src/RS232.o
 .debug_macro   0x00000000       0x9a src/RS232.o
 .debug_macro   0x00000000       0x2e src/RS232.o
 .debug_macro   0x00000000       0x82 src/RS232.o
 .debug_macro   0x00000000       0x2f src/RS232.o
 .debug_macro   0x00000000      0x13f src/RS232.o
 .debug_macro   0x00000000       0x3a src/RS232.o
 .debug_macro   0x00000000       0x28 src/RS232.o
 .group         0x00000000        0x8 src/sensors.o
 .group         0x00000000        0x8 src/sensors.o
 .group         0x00000000        0x8 src/sensors.o
 .text          0x00000000        0x0 src/sensors.o
 .bss           0x00000000        0x0 src/sensors.o
 .text.set_sensors_info
                0x00000000       0x12 src/sensors.o
 .debug_macro   0x00000000      0xa66 src/sensors.o
 .debug_macro   0x00000000      0x1ad src/sensors.o
 .debug_macro   0x00000000       0x22 src/sensors.o
 .group         0x00000000        0x8 src/system.o
 .group         0x00000000        0x8 src/system.o
 .group         0x00000000        0x8 src/system.o
 .group         0x00000000        0x8 src/system.o
 .group         0x00000000        0x8 src/system.o
 .group         0x00000000        0x8 src/system.o
 .group         0x00000000        0x8 src/system.o
 .group         0x00000000        0x8 src/system.o
 .group         0x00000000        0x8 src/system.o
 .group         0x00000000        0x8 src/system.o
 .group         0x00000000        0x8 src/system.o
 .group         0x00000000        0x8 src/system.o
 .group         0x00000000        0x8 src/system.o
 .group         0x00000000        0x8 src/system.o
 .group         0x00000000        0x8 src/system.o
 .group         0x00000000        0x8 src/system.o
 .group         0x00000000        0x8 src/system.o
 .group         0x00000000        0x8 src/system.o
 .group         0x00000000        0x8 src/system.o
 .group         0x00000000        0x8 src/system.o
 .group         0x00000000        0x8 src/system.o
 .group         0x00000000        0x8 src/system.o
 .group         0x00000000        0x8 src/system.o
 .group         0x00000000        0x8 src/system.o
 .group         0x00000000        0x8 src/system.o
 .group         0x00000000        0x8 src/system.o
 .group         0x00000000        0x8 src/system.o
 .group         0x00000000        0x8 src/system.o
 .group         0x00000000        0x8 src/system.o
 .group         0x00000000        0x8 src/system.o
 .group         0x00000000        0x8 src/system.o
 .group         0x00000000        0x8 src/system.o
 .group         0x00000000        0x8 src/system.o
 .group         0x00000000        0x8 src/system.o
 .group         0x00000000        0x8 src/system.o
 .group         0x00000000        0x8 src/system.o
 .group         0x00000000        0x8 src/system.o
 .group         0x00000000        0x8 src/system.o
 .group         0x00000000        0x8 src/system.o
 .group         0x00000000        0x8 src/system.o
 .group         0x00000000        0x8 src/system.o
 .group         0x00000000        0x8 src/system.o
 .text          0x00000000        0x0 src/system.o
 .bss           0x00000000        0x0 src/system.o
 .debug_macro   0x00000000      0xa66 src/system.o
 .debug_macro   0x00000000       0x10 src/system.o
 .debug_macro   0x00000000      0x1ad src/system.o
 .debug_macro   0x00000000      0x293 src/system.o
 .debug_macro   0x00000000       0x9e src/system.o
 .debug_macro   0x00000000     0x5272 src/system.o
 .debug_macro   0x00000000       0x9a src/system.o
 .debug_macro   0x00000000       0xf1 src/system.o
 .debug_macro   0x00000000       0x34 src/system.o
 .debug_macro   0x00000000       0x10 src/system.o
 .debug_macro   0x00000000       0x18 src/system.o
 .debug_macro   0x00000000       0x5e src/system.o
 .debug_macro   0x00000000       0x10 src/system.o
 .debug_macro   0x00000000       0x22 src/system.o
 .debug_macro   0x00000000      0x166 src/system.o
 .debug_macro   0x00000000       0x1c src/system.o
 .debug_macro   0x00000000       0x35 src/system.o
 .debug_macro   0x00000000       0x66 src/system.o
 .debug_macro   0x00000000      0x3b9 src/system.o
 .debug_macro   0x00000000       0x97 src/system.o
 .debug_macro   0x00000000       0x17 src/system.o
 .debug_macro   0x00000000      0x250 src/system.o
 .debug_macro   0x00000000       0x76 src/system.o
 .debug_macro   0x00000000       0x16 src/system.o
 .debug_macro   0x00000000      0x6e0 src/system.o
 .debug_macro   0x00000000       0x10 src/system.o
 .debug_macro   0x00000000      0x175 src/system.o
 .debug_macro   0x00000000       0x40 src/system.o
 .debug_macro   0x00000000       0x69 src/system.o
 .debug_macro   0x00000000       0x32 src/system.o
 .debug_macro   0x00000000       0xe4 src/system.o
 .debug_macro   0x00000000       0x34 src/system.o
 .debug_macro   0x00000000      0x20d src/system.o
 .debug_macro   0x00000000       0x22 src/system.o
 .debug_macro   0x00000000       0x9a src/system.o
 .debug_macro   0x00000000       0x2e src/system.o
 .debug_macro   0x00000000       0x82 src/system.o
 .debug_macro   0x00000000       0x2f src/system.o
 .debug_macro   0x00000000      0x13f src/system.o
 .debug_macro   0x00000000       0x3a src/system.o
 .debug_macro   0x00000000       0x28 src/system.o
 .debug_macro   0x00000000       0x1c src/system.o
 COMMON         0x00000000        0x1 src/system.o
 .group         0x00000000        0x8 src/ASF/common/boards/user_board/init.o
 .group         0x00000000        0x8 src/ASF/common/boards/user_board/init.o
 .group         0x00000000        0x8 src/ASF/common/boards/user_board/init.o
 .group         0x00000000        0x8 src/ASF/common/boards/user_board/init.o
 .group         0x00000000        0x8 src/ASF/common/boards/user_board/init.o
 .group         0x00000000        0x8 src/ASF/common/boards/user_board/init.o
 .group         0x00000000        0x8 src/ASF/common/boards/user_board/init.o
 .group         0x00000000        0x8 src/ASF/common/boards/user_board/init.o
 .group         0x00000000        0x8 src/ASF/common/boards/user_board/init.o
 .group         0x00000000        0x8 src/ASF/common/boards/user_board/init.o
 .group         0x00000000        0x8 src/ASF/common/boards/user_board/init.o
 .group         0x00000000        0x8 src/ASF/common/boards/user_board/init.o
 .group         0x00000000        0x8 src/ASF/common/boards/user_board/init.o
 .group         0x00000000        0x8 src/ASF/common/boards/user_board/init.o
 .group         0x00000000        0x8 src/ASF/common/boards/user_board/init.o
 .group         0x00000000        0x8 src/ASF/common/boards/user_board/init.o
 .group         0x00000000        0x8 src/ASF/common/boards/user_board/init.o
 .group         0x00000000        0x8 src/ASF/common/boards/user_board/init.o
 .group         0x00000000        0x8 src/ASF/common/boards/user_board/init.o
 .group         0x00000000        0x8 src/ASF/common/boards/user_board/init.o
 .group         0x00000000        0x8 src/ASF/common/boards/user_board/init.o
 .group         0x00000000        0x8 src/ASF/common/boards/user_board/init.o
 .group         0x00000000        0x8 src/ASF/common/boards/user_board/init.o
 .group         0x00000000        0x8 src/ASF/common/boards/user_board/init.o
 .group         0x00000000        0x8 src/ASF/common/boards/user_board/init.o
 .group         0x00000000        0x8 src/ASF/common/boards/user_board/init.o
 .group         0x00000000        0x8 src/ASF/common/boards/user_board/init.o
 .group         0x00000000        0x8 src/ASF/common/boards/user_board/init.o
 .group         0x00000000        0x8 src/ASF/common/boards/user_board/init.o
 .group         0x00000000        0x8 src/ASF/common/boards/user_board/init.o
 .group         0x00000000        0x8 src/ASF/common/boards/user_board/init.o
 .group         0x00000000        0x8 src/ASF/common/boards/user_board/init.o
 .group         0x00000000        0x8 src/ASF/common/boards/user_board/init.o
 .group         0x00000000        0x8 src/ASF/common/boards/user_board/init.o
 .group         0x00000000        0x8 src/ASF/common/boards/user_board/init.o
 .group         0x00000000        0x8 src/ASF/common/boards/user_board/init.o
 .group         0x00000000        0x8 src/ASF/common/boards/user_board/init.o
 .group         0x00000000        0x8 src/ASF/common/boards/user_board/init.o
 .group         0x00000000        0x8 src/ASF/common/boards/user_board/init.o
 .group         0x00000000        0x8 src/ASF/common/boards/user_board/init.o
 .group         0x00000000        0x8 src/ASF/common/boards/user_board/init.o
 .text          0x00000000        0x0 src/ASF/common/boards/user_board/init.o
 .bss           0x00000000        0x0 src/ASF/common/boards/user_board/init.o
 .debug_macro   0x00000000      0xa66 src/ASF/common/boards/user_board/init.o
 .debug_macro   0x00000000       0x10 src/ASF/common/boards/user_board/init.o
 .debug_macro   0x00000000      0x1ad src/ASF/common/boards/user_board/init.o
 .debug_macro   0x00000000      0x293 src/ASF/common/boards/user_board/init.o
 .debug_macro   0x00000000       0x9e src/ASF/common/boards/user_board/init.o
 .debug_macro   0x00000000     0x5272 src/ASF/common/boards/user_board/init.o
 .debug_macro   0x00000000       0x9a src/ASF/common/boards/user_board/init.o
 .debug_macro   0x00000000       0xf1 src/ASF/common/boards/user_board/init.o
 .debug_macro   0x00000000       0x34 src/ASF/common/boards/user_board/init.o
 .debug_macro   0x00000000       0x10 src/ASF/common/boards/user_board/init.o
 .debug_macro   0x00000000       0x18 src/ASF/common/boards/user_board/init.o
 .debug_macro   0x00000000       0x5e src/ASF/common/boards/user_board/init.o
 .debug_macro   0x00000000       0x10 src/ASF/common/boards/user_board/init.o
 .debug_macro   0x00000000       0x22 src/ASF/common/boards/user_board/init.o
 .debug_macro   0x00000000      0x166 src/ASF/common/boards/user_board/init.o
 .debug_macro   0x00000000       0x1c src/ASF/common/boards/user_board/init.o
 .debug_macro   0x00000000       0x35 src/ASF/common/boards/user_board/init.o
 .debug_macro   0x00000000       0x66 src/ASF/common/boards/user_board/init.o
 .debug_macro   0x00000000      0x3b9 src/ASF/common/boards/user_board/init.o
 .debug_macro   0x00000000       0x97 src/ASF/common/boards/user_board/init.o
 .debug_macro   0x00000000       0x17 src/ASF/common/boards/user_board/init.o
 .debug_macro   0x00000000      0x250 src/ASF/common/boards/user_board/init.o
 .debug_macro   0x00000000       0x76 src/ASF/common/boards/user_board/init.o
 .debug_macro   0x00000000       0x16 src/ASF/common/boards/user_board/init.o
 .debug_macro   0x00000000      0x6e0 src/ASF/common/boards/user_board/init.o
 .debug_macro   0x00000000       0x10 src/ASF/common/boards/user_board/init.o
 .debug_macro   0x00000000      0x175 src/ASF/common/boards/user_board/init.o
 .debug_macro   0x00000000       0x40 src/ASF/common/boards/user_board/init.o
 .debug_macro   0x00000000       0x69 src/ASF/common/boards/user_board/init.o
 .debug_macro   0x00000000       0x32 src/ASF/common/boards/user_board/init.o
 .debug_macro   0x00000000       0xe4 src/ASF/common/boards/user_board/init.o
 .debug_macro   0x00000000       0x34 src/ASF/common/boards/user_board/init.o
 .debug_macro   0x00000000      0x20d src/ASF/common/boards/user_board/init.o
 .debug_macro   0x00000000       0x22 src/ASF/common/boards/user_board/init.o
 .debug_macro   0x00000000       0x9a src/ASF/common/boards/user_board/init.o
 .debug_macro   0x00000000       0x2e src/ASF/common/boards/user_board/init.o
 .debug_macro   0x00000000       0x82 src/ASF/common/boards/user_board/init.o
 .debug_macro   0x00000000       0x2f src/ASF/common/boards/user_board/init.o
 .debug_macro   0x00000000      0x13f src/ASF/common/boards/user_board/init.o
 .debug_macro   0x00000000       0x3a src/ASF/common/boards/user_board/init.o
 .debug_macro   0x00000000       0x28 src/ASF/common/boards/user_board/init.o
 .group         0x00000000        0x8 src/ASF/common/services/clock/xmega/sysclk.o
 .group         0x00000000        0x8 src/ASF/common/services/clock/xmega/sysclk.o
 .group         0x00000000        0x8 src/ASF/common/services/clock/xmega/sysclk.o
 .group         0x00000000        0x8 src/ASF/common/services/clock/xmega/sysclk.o
 .group         0x00000000        0x8 src/ASF/common/services/clock/xmega/sysclk.o
 .group         0x00000000        0x8 src/ASF/common/services/clock/xmega/sysclk.o
 .group         0x00000000        0x8 src/ASF/common/services/clock/xmega/sysclk.o
 .group         0x00000000        0x8 src/ASF/common/services/clock/xmega/sysclk.o
 .group         0x00000000        0x8 src/ASF/common/services/clock/xmega/sysclk.o
 .group         0x00000000        0x8 src/ASF/common/services/clock/xmega/sysclk.o
 .group         0x00000000        0x8 src/ASF/common/services/clock/xmega/sysclk.o
 .group         0x00000000        0x8 src/ASF/common/services/clock/xmega/sysclk.o
 .group         0x00000000        0x8 src/ASF/common/services/clock/xmega/sysclk.o
 .group         0x00000000        0x8 src/ASF/common/services/clock/xmega/sysclk.o
 .group         0x00000000        0x8 src/ASF/common/services/clock/xmega/sysclk.o
 .group         0x00000000        0x8 src/ASF/common/services/clock/xmega/sysclk.o
 .group         0x00000000        0x8 src/ASF/common/services/clock/xmega/sysclk.o
 .group         0x00000000        0x8 src/ASF/common/services/clock/xmega/sysclk.o
 .group         0x00000000        0x8 src/ASF/common/services/clock/xmega/sysclk.o
 .group         0x00000000        0x8 src/ASF/common/services/clock/xmega/sysclk.o
 .group         0x00000000        0x8 src/ASF/common/services/clock/xmega/sysclk.o
 .group         0x00000000        0x8 src/ASF/common/services/clock/xmega/sysclk.o
 .group         0x00000000        0x8 src/ASF/common/services/clock/xmega/sysclk.o
 .group         0x00000000        0x8 src/ASF/common/services/clock/xmega/sysclk.o
 .group         0x00000000        0x8 src/ASF/common/services/clock/xmega/sysclk.o
 .group         0x00000000        0x8 src/ASF/common/services/clock/xmega/sysclk.o
 .group         0x00000000        0x8 src/ASF/common/services/clock/xmega/sysclk.o
 .group         0x00000000        0x8 src/ASF/common/services/clock/xmega/sysclk.o
 .group         0x00000000        0x8 src/ASF/common/services/clock/xmega/sysclk.o
 .group         0x00000000        0x8 src/ASF/common/services/clock/xmega/sysclk.o
 .group         0x00000000        0x8 src/ASF/common/services/clock/xmega/sysclk.o
 .group         0x00000000        0x8 src/ASF/common/services/clock/xmega/sysclk.o
 .group         0x00000000        0x8 src/ASF/common/services/clock/xmega/sysclk.o
 .group         0x00000000        0x8 src/ASF/common/services/clock/xmega/sysclk.o
 .group         0x00000000        0x8 src/ASF/common/services/clock/xmega/sysclk.o
 .group         0x00000000        0x8 src/ASF/common/services/clock/xmega/sysclk.o
 .group         0x00000000        0x8 src/ASF/common/services/clock/xmega/sysclk.o
 .text          0x00000000        0x0 src/ASF/common/services/clock/xmega/sysclk.o
 .bss           0x00000000        0x0 src/ASF/common/services/clock/xmega/sysclk.o
 .text.sysclk_disable_module
                0x00000000       0x16 src/ASF/common/services/clock/xmega/sysclk.o
 .debug_macro   0x00000000      0xa66 src/ASF/common/services/clock/xmega/sysclk.o
 .debug_macro   0x00000000       0x10 src/ASF/common/services/clock/xmega/sysclk.o
 .debug_macro   0x00000000      0x1ad src/ASF/common/services/clock/xmega/sysclk.o
 .debug_macro   0x00000000      0x293 src/ASF/common/services/clock/xmega/sysclk.o
 .debug_macro   0x00000000       0x9e src/ASF/common/services/clock/xmega/sysclk.o
 .debug_macro   0x00000000     0x5272 src/ASF/common/services/clock/xmega/sysclk.o
 .debug_macro   0x00000000       0x9a src/ASF/common/services/clock/xmega/sysclk.o
 .debug_macro   0x00000000       0xf1 src/ASF/common/services/clock/xmega/sysclk.o
 .debug_macro   0x00000000       0x34 src/ASF/common/services/clock/xmega/sysclk.o
 .debug_macro   0x00000000       0x10 src/ASF/common/services/clock/xmega/sysclk.o
 .debug_macro   0x00000000       0x18 src/ASF/common/services/clock/xmega/sysclk.o
 .debug_macro   0x00000000       0x5e src/ASF/common/services/clock/xmega/sysclk.o
 .debug_macro   0x00000000       0x10 src/ASF/common/services/clock/xmega/sysclk.o
 .debug_macro   0x00000000       0x22 src/ASF/common/services/clock/xmega/sysclk.o
 .debug_macro   0x00000000      0x166 src/ASF/common/services/clock/xmega/sysclk.o
 .debug_macro   0x00000000       0x1c src/ASF/common/services/clock/xmega/sysclk.o
 .debug_macro   0x00000000       0x35 src/ASF/common/services/clock/xmega/sysclk.o
 .debug_macro   0x00000000       0x66 src/ASF/common/services/clock/xmega/sysclk.o
 .debug_macro   0x00000000      0x3b9 src/ASF/common/services/clock/xmega/sysclk.o
 .debug_macro   0x00000000       0x97 src/ASF/common/services/clock/xmega/sysclk.o
 .debug_macro   0x00000000       0x17 src/ASF/common/services/clock/xmega/sysclk.o
 .debug_macro   0x00000000      0x250 src/ASF/common/services/clock/xmega/sysclk.o
 .debug_macro   0x00000000       0x76 src/ASF/common/services/clock/xmega/sysclk.o
 .debug_macro   0x00000000       0x16 src/ASF/common/services/clock/xmega/sysclk.o
 .debug_macro   0x00000000      0x6e0 src/ASF/common/services/clock/xmega/sysclk.o
 .debug_macro   0x00000000       0x10 src/ASF/common/services/clock/xmega/sysclk.o
 .debug_macro   0x00000000      0x175 src/ASF/common/services/clock/xmega/sysclk.o
 .debug_macro   0x00000000       0x40 src/ASF/common/services/clock/xmega/sysclk.o
 .debug_macro   0x00000000       0x69 src/ASF/common/services/clock/xmega/sysclk.o
 .debug_macro   0x00000000       0x32 src/ASF/common/services/clock/xmega/sysclk.o
 .debug_macro   0x00000000       0xe4 src/ASF/common/services/clock/xmega/sysclk.o
 .debug_macro   0x00000000       0x2e src/ASF/common/services/clock/xmega/sysclk.o
 .debug_macro   0x00000000      0x20d src/ASF/common/services/clock/xmega/sysclk.o
 .debug_macro   0x00000000       0x22 src/ASF/common/services/clock/xmega/sysclk.o
 .debug_macro   0x00000000       0x82 src/ASF/common/services/clock/xmega/sysclk.o
 .debug_macro   0x00000000       0x2f src/ASF/common/services/clock/xmega/sysclk.o
 .debug_macro   0x00000000      0x13f src/ASF/common/services/clock/xmega/sysclk.o
 .group         0x00000000        0x8 src/ASF/common/services/ioport/xmega/ioport_compat.o
 .group         0x00000000        0x8 src/ASF/common/services/ioport/xmega/ioport_compat.o
 .group         0x00000000        0x8 src/ASF/common/services/ioport/xmega/ioport_compat.o
 .group         0x00000000        0x8 src/ASF/common/services/ioport/xmega/ioport_compat.o
 .group         0x00000000        0x8 src/ASF/common/services/ioport/xmega/ioport_compat.o
 .group         0x00000000        0x8 src/ASF/common/services/ioport/xmega/ioport_compat.o
 .group         0x00000000        0x8 src/ASF/common/services/ioport/xmega/ioport_compat.o
 .group         0x00000000        0x8 src/ASF/common/services/ioport/xmega/ioport_compat.o
 .group         0x00000000        0x8 src/ASF/common/services/ioport/xmega/ioport_compat.o
 .group         0x00000000        0x8 src/ASF/common/services/ioport/xmega/ioport_compat.o
 .group         0x00000000        0x8 src/ASF/common/services/ioport/xmega/ioport_compat.o
 .group         0x00000000        0x8 src/ASF/common/services/ioport/xmega/ioport_compat.o
 .group         0x00000000        0x8 src/ASF/common/services/ioport/xmega/ioport_compat.o
 .group         0x00000000        0x8 src/ASF/common/services/ioport/xmega/ioport_compat.o
 .group         0x00000000        0x8 src/ASF/common/services/ioport/xmega/ioport_compat.o
 .group         0x00000000        0x8 src/ASF/common/services/ioport/xmega/ioport_compat.o
 .group         0x00000000        0x8 src/ASF/common/services/ioport/xmega/ioport_compat.o
 .group         0x00000000        0x8 src/ASF/common/services/ioport/xmega/ioport_compat.o
 .group         0x00000000        0x8 src/ASF/common/services/ioport/xmega/ioport_compat.o
 .group         0x00000000        0x8 src/ASF/common/services/ioport/xmega/ioport_compat.o
 .group         0x00000000        0x8 src/ASF/common/services/ioport/xmega/ioport_compat.o
 .group         0x00000000        0x8 src/ASF/common/services/ioport/xmega/ioport_compat.o
 .group         0x00000000        0x8 src/ASF/common/services/ioport/xmega/ioport_compat.o
 .group         0x00000000        0x8 src/ASF/common/services/ioport/xmega/ioport_compat.o
 .group         0x00000000        0x8 src/ASF/common/services/ioport/xmega/ioport_compat.o
 .group         0x00000000        0x8 src/ASF/common/services/ioport/xmega/ioport_compat.o
 .group         0x00000000        0x8 src/ASF/common/services/ioport/xmega/ioport_compat.o
 .group         0x00000000        0x8 src/ASF/common/services/ioport/xmega/ioport_compat.o
 .group         0x00000000        0x8 src/ASF/common/services/ioport/xmega/ioport_compat.o
 .group         0x00000000        0x8 src/ASF/common/services/ioport/xmega/ioport_compat.o
 .group         0x00000000        0x8 src/ASF/common/services/ioport/xmega/ioport_compat.o
 .group         0x00000000        0x8 src/ASF/common/services/ioport/xmega/ioport_compat.o
 .group         0x00000000        0x8 src/ASF/common/services/ioport/xmega/ioport_compat.o
 .text          0x00000000        0x0 src/ASF/common/services/ioport/xmega/ioport_compat.o
 .bss           0x00000000        0x0 src/ASF/common/services/ioport/xmega/ioport_compat.o
 .debug_macro   0x00000000      0xa66 src/ASF/common/services/ioport/xmega/ioport_compat.o
 .debug_macro   0x00000000      0x3b9 src/ASF/common/services/ioport/xmega/ioport_compat.o
 .debug_macro   0x00000000       0x10 src/ASF/common/services/ioport/xmega/ioport_compat.o
 .debug_macro   0x00000000      0x1ad src/ASF/common/services/ioport/xmega/ioport_compat.o
 .debug_macro   0x00000000      0x293 src/ASF/common/services/ioport/xmega/ioport_compat.o
 .debug_macro   0x00000000       0x9e src/ASF/common/services/ioport/xmega/ioport_compat.o
 .debug_macro   0x00000000     0x5272 src/ASF/common/services/ioport/xmega/ioport_compat.o
 .debug_macro   0x00000000       0x9a src/ASF/common/services/ioport/xmega/ioport_compat.o
 .debug_macro   0x00000000       0xf1 src/ASF/common/services/ioport/xmega/ioport_compat.o
 .debug_macro   0x00000000       0x34 src/ASF/common/services/ioport/xmega/ioport_compat.o
 .debug_macro   0x00000000       0x10 src/ASF/common/services/ioport/xmega/ioport_compat.o
 .debug_macro   0x00000000       0x18 src/ASF/common/services/ioport/xmega/ioport_compat.o
 .debug_macro   0x00000000       0x5e src/ASF/common/services/ioport/xmega/ioport_compat.o
 .debug_macro   0x00000000       0x10 src/ASF/common/services/ioport/xmega/ioport_compat.o
 .debug_macro   0x00000000       0x22 src/ASF/common/services/ioport/xmega/ioport_compat.o
 .debug_macro   0x00000000      0x166 src/ASF/common/services/ioport/xmega/ioport_compat.o
 .debug_macro   0x00000000       0x1c src/ASF/common/services/ioport/xmega/ioport_compat.o
 .debug_macro   0x00000000       0x35 src/ASF/common/services/ioport/xmega/ioport_compat.o
 .debug_macro   0x00000000       0x66 src/ASF/common/services/ioport/xmega/ioport_compat.o
 .debug_macro   0x00000000       0x97 src/ASF/common/services/ioport/xmega/ioport_compat.o
 .debug_macro   0x00000000       0x17 src/ASF/common/services/ioport/xmega/ioport_compat.o
 .debug_macro   0x00000000      0x250 src/ASF/common/services/ioport/xmega/ioport_compat.o
 .debug_macro   0x00000000       0x76 src/ASF/common/services/ioport/xmega/ioport_compat.o
 .debug_macro   0x00000000       0x16 src/ASF/common/services/ioport/xmega/ioport_compat.o
 .debug_macro   0x00000000      0x6e0 src/ASF/common/services/ioport/xmega/ioport_compat.o
 .debug_macro   0x00000000       0x10 src/ASF/common/services/ioport/xmega/ioport_compat.o
 .debug_macro   0x00000000      0x175 src/ASF/common/services/ioport/xmega/ioport_compat.o
 .debug_macro   0x00000000       0x40 src/ASF/common/services/ioport/xmega/ioport_compat.o
 .debug_macro   0x00000000       0x69 src/ASF/common/services/ioport/xmega/ioport_compat.o
 .debug_macro   0x00000000       0x32 src/ASF/common/services/ioport/xmega/ioport_compat.o
 .debug_macro   0x00000000       0xe4 src/ASF/common/services/ioport/xmega/ioport_compat.o
 .debug_macro   0x00000000       0x9a src/ASF/common/services/ioport/xmega/ioport_compat.o
 .group         0x00000000        0x8 src/ASF/common/services/serial/usart_serial.o
 .group         0x00000000        0x8 src/ASF/common/services/serial/usart_serial.o
 .group         0x00000000        0x8 src/ASF/common/services/serial/usart_serial.o
 .group         0x00000000        0x8 src/ASF/common/services/serial/usart_serial.o
 .group         0x00000000        0x8 src/ASF/common/services/serial/usart_serial.o
 .group         0x00000000        0x8 src/ASF/common/services/serial/usart_serial.o
 .group         0x00000000        0x8 src/ASF/common/services/serial/usart_serial.o
 .group         0x00000000        0x8 src/ASF/common/services/serial/usart_serial.o
 .group         0x00000000        0x8 src/ASF/common/services/serial/usart_serial.o
 .group         0x00000000        0x8 src/ASF/common/services/serial/usart_serial.o
 .group         0x00000000        0x8 src/ASF/common/services/serial/usart_serial.o
 .group         0x00000000        0x8 src/ASF/common/services/serial/usart_serial.o
 .group         0x00000000        0x8 src/ASF/common/services/serial/usart_serial.o
 .group         0x00000000        0x8 src/ASF/common/services/serial/usart_serial.o
 .group         0x00000000        0x8 src/ASF/common/services/serial/usart_serial.o
 .group         0x00000000        0x8 src/ASF/common/services/serial/usart_serial.o
 .group         0x00000000        0x8 src/ASF/common/services/serial/usart_serial.o
 .group         0x00000000        0x8 src/ASF/common/services/serial/usart_serial.o
 .group         0x00000000        0x8 src/ASF/common/services/serial/usart_serial.o
 .group         0x00000000        0x8 src/ASF/common/services/serial/usart_serial.o
 .group         0x00000000        0x8 src/ASF/common/services/serial/usart_serial.o
 .group         0x00000000        0x8 src/ASF/common/services/serial/usart_serial.o
 .group         0x00000000        0x8 src/ASF/common/services/serial/usart_serial.o
 .group         0x00000000        0x8 src/ASF/common/services/serial/usart_serial.o
 .group         0x00000000        0x8 src/ASF/common/services/serial/usart_serial.o
 .group         0x00000000        0x8 src/ASF/common/services/serial/usart_serial.o
 .group         0x00000000        0x8 src/ASF/common/services/serial/usart_serial.o
 .group         0x00000000        0x8 src/ASF/common/services/serial/usart_serial.o
 .group         0x00000000        0x8 src/ASF/common/services/serial/usart_serial.o
 .group         0x00000000        0x8 src/ASF/common/services/serial/usart_serial.o
 .group         0x00000000        0x8 src/ASF/common/services/serial/usart_serial.o
 .group         0x00000000        0x8 src/ASF/common/services/serial/usart_serial.o
 .group         0x00000000        0x8 src/ASF/common/services/serial/usart_serial.o
 .group         0x00000000        0x8 src/ASF/common/services/serial/usart_serial.o
 .group         0x00000000        0x8 src/ASF/common/services/serial/usart_serial.o
 .group         0x00000000        0x8 src/ASF/common/services/serial/usart_serial.o
 .group         0x00000000        0x8 src/ASF/common/services/serial/usart_serial.o
 .group         0x00000000        0x8 src/ASF/common/services/serial/usart_serial.o
 .group         0x00000000        0x8 src/ASF/common/services/serial/usart_serial.o
 .text          0x00000000        0x0 src/ASF/common/services/serial/usart_serial.o
 .bss           0x00000000        0x0 src/ASF/common/services/serial/usart_serial.o
 .text.usart_serial_write_packet
                0x00000000       0x38 src/ASF/common/services/serial/usart_serial.o
 .debug_macro   0x00000000      0xa66 src/ASF/common/services/serial/usart_serial.o
 .debug_macro   0x00000000      0x3b9 src/ASF/common/services/serial/usart_serial.o
 .debug_macro   0x00000000       0x10 src/ASF/common/services/serial/usart_serial.o
 .debug_macro   0x00000000      0x1ad src/ASF/common/services/serial/usart_serial.o
 .debug_macro   0x00000000      0x293 src/ASF/common/services/serial/usart_serial.o
 .debug_macro   0x00000000       0x9e src/ASF/common/services/serial/usart_serial.o
 .debug_macro   0x00000000     0x5272 src/ASF/common/services/serial/usart_serial.o
 .debug_macro   0x00000000       0x9a src/ASF/common/services/serial/usart_serial.o
 .debug_macro   0x00000000       0xf1 src/ASF/common/services/serial/usart_serial.o
 .debug_macro   0x00000000       0x34 src/ASF/common/services/serial/usart_serial.o
 .debug_macro   0x00000000       0x10 src/ASF/common/services/serial/usart_serial.o
 .debug_macro   0x00000000       0x18 src/ASF/common/services/serial/usart_serial.o
 .debug_macro   0x00000000       0x5e src/ASF/common/services/serial/usart_serial.o
 .debug_macro   0x00000000       0x10 src/ASF/common/services/serial/usart_serial.o
 .debug_macro   0x00000000       0x22 src/ASF/common/services/serial/usart_serial.o
 .debug_macro   0x00000000      0x166 src/ASF/common/services/serial/usart_serial.o
 .debug_macro   0x00000000       0x1c src/ASF/common/services/serial/usart_serial.o
 .debug_macro   0x00000000       0x35 src/ASF/common/services/serial/usart_serial.o
 .debug_macro   0x00000000       0x66 src/ASF/common/services/serial/usart_serial.o
 .debug_macro   0x00000000       0x97 src/ASF/common/services/serial/usart_serial.o
 .debug_macro   0x00000000       0x17 src/ASF/common/services/serial/usart_serial.o
 .debug_macro   0x00000000      0x250 src/ASF/common/services/serial/usart_serial.o
 .debug_macro   0x00000000       0x76 src/ASF/common/services/serial/usart_serial.o
 .debug_macro   0x00000000       0x16 src/ASF/common/services/serial/usart_serial.o
 .debug_macro   0x00000000      0x6e0 src/ASF/common/services/serial/usart_serial.o
 .debug_macro   0x00000000       0x10 src/ASF/common/services/serial/usart_serial.o
 .debug_macro   0x00000000      0x175 src/ASF/common/services/serial/usart_serial.o
 .debug_macro   0x00000000       0x40 src/ASF/common/services/serial/usart_serial.o
 .debug_macro   0x00000000       0x69 src/ASF/common/services/serial/usart_serial.o
 .debug_macro   0x00000000       0x32 src/ASF/common/services/serial/usart_serial.o
 .debug_macro   0x00000000       0xe4 src/ASF/common/services/serial/usart_serial.o
 .debug_macro   0x00000000       0x2e src/ASF/common/services/serial/usart_serial.o
 .debug_macro   0x00000000      0x20d src/ASF/common/services/serial/usart_serial.o
 .debug_macro   0x00000000       0x22 src/ASF/common/services/serial/usart_serial.o
 .debug_macro   0x00000000       0x82 src/ASF/common/services/serial/usart_serial.o
 .debug_macro   0x00000000       0x2f src/ASF/common/services/serial/usart_serial.o
 .debug_macro   0x00000000      0x13f src/ASF/common/services/serial/usart_serial.o
 .debug_macro   0x00000000       0x28 src/ASF/common/services/serial/usart_serial.o
 .text          0x00000000        0x0 src/ASF/xmega/drivers/cpu/ccp.o
 .bss           0x00000000        0x0 src/ASF/xmega/drivers/cpu/ccp.o
 .group         0x00000000        0x8 src/ASF/xmega/drivers/usart/usart.o
 .group         0x00000000        0x8 src/ASF/xmega/drivers/usart/usart.o
 .group         0x00000000        0x8 src/ASF/xmega/drivers/usart/usart.o
 .group         0x00000000        0x8 src/ASF/xmega/drivers/usart/usart.o
 .group         0x00000000        0x8 src/ASF/xmega/drivers/usart/usart.o
 .group         0x00000000        0x8 src/ASF/xmega/drivers/usart/usart.o
 .group         0x00000000        0x8 src/ASF/xmega/drivers/usart/usart.o
 .group         0x00000000        0x8 src/ASF/xmega/drivers/usart/usart.o
 .group         0x00000000        0x8 src/ASF/xmega/drivers/usart/usart.o
 .group         0x00000000        0x8 src/ASF/xmega/drivers/usart/usart.o
 .group         0x00000000        0x8 src/ASF/xmega/drivers/usart/usart.o
 .group         0x00000000        0x8 src/ASF/xmega/drivers/usart/usart.o
 .group         0x00000000        0x8 src/ASF/xmega/drivers/usart/usart.o
 .group         0x00000000        0x8 src/ASF/xmega/drivers/usart/usart.o
 .group         0x00000000        0x8 src/ASF/xmega/drivers/usart/usart.o
 .group         0x00000000        0x8 src/ASF/xmega/drivers/usart/usart.o
 .group         0x00000000        0x8 src/ASF/xmega/drivers/usart/usart.o
 .group         0x00000000        0x8 src/ASF/xmega/drivers/usart/usart.o
 .group         0x00000000        0x8 src/ASF/xmega/drivers/usart/usart.o
 .group         0x00000000        0x8 src/ASF/xmega/drivers/usart/usart.o
 .group         0x00000000        0x8 src/ASF/xmega/drivers/usart/usart.o
 .group         0x00000000        0x8 src/ASF/xmega/drivers/usart/usart.o
 .group         0x00000000        0x8 src/ASF/xmega/drivers/usart/usart.o
 .group         0x00000000        0x8 src/ASF/xmega/drivers/usart/usart.o
 .group         0x00000000        0x8 src/ASF/xmega/drivers/usart/usart.o
 .group         0x00000000        0x8 src/ASF/xmega/drivers/usart/usart.o
 .group         0x00000000        0x8 src/ASF/xmega/drivers/usart/usart.o
 .group         0x00000000        0x8 src/ASF/xmega/drivers/usart/usart.o
 .group         0x00000000        0x8 src/ASF/xmega/drivers/usart/usart.o
 .group         0x00000000        0x8 src/ASF/xmega/drivers/usart/usart.o
 .group         0x00000000        0x8 src/ASF/xmega/drivers/usart/usart.o
 .group         0x00000000        0x8 src/ASF/xmega/drivers/usart/usart.o
 .group         0x00000000        0x8 src/ASF/xmega/drivers/usart/usart.o
 .group         0x00000000        0x8 src/ASF/xmega/drivers/usart/usart.o
 .group         0x00000000        0x8 src/ASF/xmega/drivers/usart/usart.o
 .group         0x00000000        0x8 src/ASF/xmega/drivers/usart/usart.o
 .group         0x00000000        0x8 src/ASF/xmega/drivers/usart/usart.o
 .group         0x00000000        0x8 src/ASF/xmega/drivers/usart/usart.o
 .group         0x00000000        0x8 src/ASF/xmega/drivers/usart/usart.o
 .text          0x00000000        0x0 src/ASF/xmega/drivers/usart/usart.o
 .bss           0x00000000        0x0 src/ASF/xmega/drivers/usart/usart.o
 .text.usart_init_spi
                0x00000000      0x4a0 src/ASF/xmega/drivers/usart/usart.o
 .text.usart_set_bsel_bscale_value
                0x00000000       0x10 src/ASF/xmega/drivers/usart/usart.o
 .text.usart_set_baudrate_precalculated
                0x00000000       0xf0 src/ASF/xmega/drivers/usart/usart.o
 .text.usart_set_baudrate
                0x00000000      0x2d0 src/ASF/xmega/drivers/usart/usart.o
 .text.usart_spi_set_baudrate
                0x00000000       0x64 src/ASF/xmega/drivers/usart/usart.o
 .progmem.data.baudctrl_32mhz
                0x00000000        0xe src/ASF/xmega/drivers/usart/usart.o
 .progmem.data.baudctrl_2mhz
                0x00000000        0xe src/ASF/xmega/drivers/usart/usart.o
 .debug_macro   0x00000000      0xa66 src/ASF/xmega/drivers/usart/usart.o
 .debug_macro   0x00000000      0x1ad src/ASF/xmega/drivers/usart/usart.o
 .debug_macro   0x00000000       0x10 src/ASF/xmega/drivers/usart/usart.o
 .debug_macro   0x00000000      0x299 src/ASF/xmega/drivers/usart/usart.o
 .debug_macro   0x00000000       0x9e src/ASF/xmega/drivers/usart/usart.o
 .debug_macro   0x00000000     0x5272 src/ASF/xmega/drivers/usart/usart.o
 .debug_macro   0x00000000       0x9a src/ASF/xmega/drivers/usart/usart.o
 .debug_macro   0x00000000       0xf1 src/ASF/xmega/drivers/usart/usart.o
 .debug_macro   0x00000000       0x34 src/ASF/xmega/drivers/usart/usart.o
 .debug_macro   0x00000000       0x10 src/ASF/xmega/drivers/usart/usart.o
 .debug_macro   0x00000000       0x18 src/ASF/xmega/drivers/usart/usart.o
 .debug_macro   0x00000000       0x5e src/ASF/xmega/drivers/usart/usart.o
 .debug_macro   0x00000000       0x10 src/ASF/xmega/drivers/usart/usart.o
 .debug_macro   0x00000000       0x22 src/ASF/xmega/drivers/usart/usart.o
 .debug_macro   0x00000000      0x166 src/ASF/xmega/drivers/usart/usart.o
 .debug_macro   0x00000000       0x1c src/ASF/xmega/drivers/usart/usart.o
 .debug_macro   0x00000000       0x35 src/ASF/xmega/drivers/usart/usart.o
 .debug_macro   0x00000000       0x66 src/ASF/xmega/drivers/usart/usart.o
 .debug_macro   0x00000000      0x3b9 src/ASF/xmega/drivers/usart/usart.o
 .debug_macro   0x00000000       0x97 src/ASF/xmega/drivers/usart/usart.o
 .debug_macro   0x00000000       0x17 src/ASF/xmega/drivers/usart/usart.o
 .debug_macro   0x00000000      0x250 src/ASF/xmega/drivers/usart/usart.o
 .debug_macro   0x00000000       0x76 src/ASF/xmega/drivers/usart/usart.o
 .debug_macro   0x00000000       0x16 src/ASF/xmega/drivers/usart/usart.o
 .debug_macro   0x00000000      0x6e0 src/ASF/xmega/drivers/usart/usart.o
 .debug_macro   0x00000000       0x10 src/ASF/xmega/drivers/usart/usart.o
 .debug_macro   0x00000000      0x175 src/ASF/xmega/drivers/usart/usart.o
 .debug_macro   0x00000000       0x40 src/ASF/xmega/drivers/usart/usart.o
 .debug_macro   0x00000000       0x69 src/ASF/xmega/drivers/usart/usart.o
 .debug_macro   0x00000000       0x32 src/ASF/xmega/drivers/usart/usart.o
 .debug_macro   0x00000000       0xe4 src/ASF/xmega/drivers/usart/usart.o
 .debug_macro   0x00000000       0x34 src/ASF/xmega/drivers/usart/usart.o
 .debug_macro   0x00000000       0x2e src/ASF/xmega/drivers/usart/usart.o
 .debug_macro   0x00000000      0x20d src/ASF/xmega/drivers/usart/usart.o
 .debug_macro   0x00000000       0x22 src/ASF/xmega/drivers/usart/usart.o
 .debug_macro   0x00000000       0x82 src/ASF/xmega/drivers/usart/usart.o
 .debug_macro   0x00000000       0x2f src/ASF/xmega/drivers/usart/usart.o
 .debug_macro   0x00000000      0x13f src/ASF/xmega/drivers/usart/usart.o
 .debug_macro   0x00000000       0x9a src/ASF/xmega/drivers/usart/usart.o
 .group         0x00000000        0x8 src/main.o
 .group         0x00000000        0x8 src/main.o
 .group         0x00000000        0x8 src/main.o
 .group         0x00000000        0x8 src/main.o
 .group         0x00000000        0x8 src/main.o
 .group         0x00000000        0x8 src/main.o
 .group         0x00000000        0x8 src/main.o
 .group         0x00000000        0x8 src/main.o
 .group         0x00000000        0x8 src/main.o
 .group         0x00000000        0x8 src/main.o
 .group         0x00000000        0x8 src/main.o
 .group         0x00000000        0x8 src/main.o
 .group         0x00000000        0x8 src/main.o
 .group         0x00000000        0x8 src/main.o
 .group         0x00000000        0x8 src/main.o
 .group         0x00000000        0x8 src/main.o
 .group         0x00000000        0x8 src/main.o
 .group         0x00000000        0x8 src/main.o
 .group         0x00000000        0x8 src/main.o
 .group         0x00000000        0x8 src/main.o
 .group         0x00000000        0x8 src/main.o
 .group         0x00000000        0x8 src/main.o
 .group         0x00000000        0x8 src/main.o
 .group         0x00000000        0x8 src/main.o
 .group         0x00000000        0x8 src/main.o
 .group         0x00000000        0x8 src/main.o
 .group         0x00000000        0x8 src/main.o
 .group         0x00000000        0x8 src/main.o
 .group         0x00000000        0x8 src/main.o
 .group         0x00000000        0x8 src/main.o
 .group         0x00000000        0x8 src/main.o
 .group         0x00000000        0x8 src/main.o
 .group         0x00000000        0x8 src/main.o
 .group         0x00000000        0x8 src/main.o
 .group         0x00000000        0x8 src/main.o
 .group         0x00000000        0x8 src/main.o
 .group         0x00000000        0x8 src/main.o
 .group         0x00000000        0x8 src/main.o
 .group         0x00000000        0x8 src/main.o
 .group         0x00000000        0x8 src/main.o
 .group         0x00000000        0x8 src/main.o
 .group         0x00000000        0x8 src/main.o
 .group         0x00000000        0x8 src/main.o
 .group         0x00000000        0x8 src/main.o
 .text          0x00000000        0x0 src/main.o
 .bss           0x00000000        0x0 src/main.o
 .debug_macro   0x00000000      0xa66 src/main.o
 .debug_macro   0x00000000       0x10 src/main.o
 .debug_macro   0x00000000      0x1ad src/main.o
 .debug_macro   0x00000000      0x293 src/main.o
 .debug_macro   0x00000000       0x9e src/main.o
 .debug_macro   0x00000000     0x5272 src/main.o
 .debug_macro   0x00000000       0x9a src/main.o
 .debug_macro   0x00000000       0xf1 src/main.o
 .debug_macro   0x00000000       0x34 src/main.o
 .debug_macro   0x00000000       0x10 src/main.o
 .debug_macro   0x00000000       0x18 src/main.o
 .debug_macro   0x00000000       0x5e src/main.o
 .debug_macro   0x00000000       0x10 src/main.o
 .debug_macro   0x00000000       0x22 src/main.o
 .debug_macro   0x00000000      0x166 src/main.o
 .debug_macro   0x00000000       0x1c src/main.o
 .debug_macro   0x00000000       0x35 src/main.o
 .debug_macro   0x00000000       0x66 src/main.o
 .debug_macro   0x00000000      0x3b9 src/main.o
 .debug_macro   0x00000000       0x97 src/main.o
 .debug_macro   0x00000000       0x17 src/main.o
 .debug_macro   0x00000000      0x250 src/main.o
 .debug_macro   0x00000000       0x76 src/main.o
 .debug_macro   0x00000000       0x16 src/main.o
 .debug_macro   0x00000000      0x6e0 src/main.o
 .debug_macro   0x00000000       0x10 src/main.o
 .debug_macro   0x00000000      0x175 src/main.o
 .debug_macro   0x00000000       0x40 src/main.o
 .debug_macro   0x00000000       0x69 src/main.o
 .debug_macro   0x00000000       0x32 src/main.o
 .debug_macro   0x00000000       0xe4 src/main.o
 .debug_macro   0x00000000       0x34 src/main.o
 .debug_macro   0x00000000      0x20d src/main.o
 .debug_macro   0x00000000       0x22 src/main.o
 .debug_macro   0x00000000       0x9a src/main.o
 .debug_macro   0x00000000       0x2e src/main.o
 .debug_macro   0x00000000       0x82 src/main.o
 .debug_macro   0x00000000       0x2f src/main.o
 .debug_macro   0x00000000      0x13f src/main.o
 .debug_macro   0x00000000       0x3a src/main.o
 .debug_macro   0x00000000       0x28 src/main.o
 .debug_macro   0x00000000       0x1c src/main.o
 .debug_macro   0x00000000       0x10 src/main.o
 .debug_macro   0x00000000       0x22 src/main.o
 .text          0x00000000        0x0 c:/program files (x86)/atmel/atmel toolchain/avr8 gcc/native/3.4.1051/avr8-gnu-toolchain/bin/../lib/gcc/avr/4.8.1/avrxmega7\libgcc.a(_udivmodsi4.o)
 .bss           0x00000000        0x0 c:/program files (x86)/atmel/atmel toolchain/avr8 gcc/native/3.4.1051/avr8-gnu-toolchain/bin/../lib/gcc/avr/4.8.1/avrxmega7\libgcc.a(_udivmodsi4.o)
 .text.libgcc.mul
                0x00000000        0x0 c:/program files (x86)/atmel/atmel toolchain/avr8 gcc/native/3.4.1051/avr8-gnu-toolchain/bin/../lib/gcc/avr/4.8.1/avrxmega7\libgcc.a(_udivmodsi4.o)
 .text.libgcc   0x00000000        0x0 c:/program files (x86)/atmel/atmel toolchain/avr8 gcc/native/3.4.1051/avr8-gnu-toolchain/bin/../lib/gcc/avr/4.8.1/avrxmega7\libgcc.a(_udivmodsi4.o)
 .text.libgcc.prologue
                0x00000000        0x0 c:/program files (x86)/atmel/atmel toolchain/avr8 gcc/native/3.4.1051/avr8-gnu-toolchain/bin/../lib/gcc/avr/4.8.1/avrxmega7\libgcc.a(_udivmodsi4.o)
 .text.libgcc.builtins
                0x00000000        0x0 c:/program files (x86)/atmel/atmel toolchain/avr8 gcc/native/3.4.1051/avr8-gnu-toolchain/bin/../lib/gcc/avr/4.8.1/avrxmega7\libgcc.a(_udivmodsi4.o)
 .text.libgcc.fmul
                0x00000000        0x0 c:/program files (x86)/atmel/atmel toolchain/avr8 gcc/native/3.4.1051/avr8-gnu-toolchain/bin/../lib/gcc/avr/4.8.1/avrxmega7\libgcc.a(_udivmodsi4.o)
 .text.libgcc.fixed
                0x00000000        0x0 c:/program files (x86)/atmel/atmel toolchain/avr8 gcc/native/3.4.1051/avr8-gnu-toolchain/bin/../lib/gcc/avr/4.8.1/avrxmega7\libgcc.a(_udivmodsi4.o)
 .text          0x00000000        0x0 c:/program files (x86)/atmel/atmel toolchain/avr8 gcc/native/3.4.1051/avr8-gnu-toolchain/bin/../lib/gcc/avr/4.8.1/avrxmega7\libgcc.a(_exit.o)
 .bss           0x00000000        0x0 c:/program files (x86)/atmel/atmel toolchain/avr8 gcc/native/3.4.1051/avr8-gnu-toolchain/bin/../lib/gcc/avr/4.8.1/avrxmega7\libgcc.a(_exit.o)
 .text.libgcc.mul
                0x00000000        0x0 c:/program files (x86)/atmel/atmel toolchain/avr8 gcc/native/3.4.1051/avr8-gnu-toolchain/bin/../lib/gcc/avr/4.8.1/avrxmega7\libgcc.a(_exit.o)
 .text.libgcc.div
                0x00000000        0x0 c:/program files (x86)/atmel/atmel toolchain/avr8 gcc/native/3.4.1051/avr8-gnu-toolchain/bin/../lib/gcc/avr/4.8.1/avrxmega7\libgcc.a(_exit.o)
 .text.libgcc   0x00000000        0x0 c:/program files (x86)/atmel/atmel toolchain/avr8 gcc/native/3.4.1051/avr8-gnu-toolchain/bin/../lib/gcc/avr/4.8.1/avrxmega7\libgcc.a(_exit.o)
 .text.libgcc.prologue
                0x00000000        0x0 c:/program files (x86)/atmel/atmel toolchain/avr8 gcc/native/3.4.1051/avr8-gnu-toolchain/bin/../lib/gcc/avr/4.8.1/avrxmega7\libgcc.a(_exit.o)
 .text.libgcc.builtins
                0x00000000        0x0 c:/program files (x86)/atmel/atmel toolchain/avr8 gcc/native/3.4.1051/avr8-gnu-toolchain/bin/../lib/gcc/avr/4.8.1/avrxmega7\libgcc.a(_exit.o)
 .text.libgcc.fmul
                0x00000000        0x0 c:/program files (x86)/atmel/atmel toolchain/avr8 gcc/native/3.4.1051/avr8-gnu-toolchain/bin/../lib/gcc/avr/4.8.1/avrxmega7\libgcc.a(_exit.o)
 .text.libgcc.fixed
                0x00000000        0x0 c:/program files (x86)/atmel/atmel toolchain/avr8 gcc/native/3.4.1051/avr8-gnu-toolchain/bin/../lib/gcc/avr/4.8.1/avrxmega7\libgcc.a(_exit.o)
 .text          0x00000000        0x0 c:/program files (x86)/atmel/atmel toolchain/avr8 gcc/native/3.4.1051/avr8-gnu-toolchain/bin/../lib/gcc/avr/4.8.1/avrxmega7\libgcc.a(_copy_data.o)
 .bss           0x00000000        0x0 c:/program files (x86)/atmel/atmel toolchain/avr8 gcc/native/3.4.1051/avr8-gnu-toolchain/bin/../lib/gcc/avr/4.8.1/avrxmega7\libgcc.a(_copy_data.o)
 .text.libgcc.mul
                0x00000000        0x0 c:/program files (x86)/atmel/atmel toolchain/avr8 gcc/native/3.4.1051/avr8-gnu-toolchain/bin/../lib/gcc/avr/4.8.1/avrxmega7\libgcc.a(_copy_data.o)
 .text.libgcc.div
                0x00000000        0x0 c:/program files (x86)/atmel/atmel toolchain/avr8 gcc/native/3.4.1051/avr8-gnu-toolchain/bin/../lib/gcc/avr/4.8.1/avrxmega7\libgcc.a(_copy_data.o)
 .text.libgcc   0x00000000        0x0 c:/program files (x86)/atmel/atmel toolchain/avr8 gcc/native/3.4.1051/avr8-gnu-toolchain/bin/../lib/gcc/avr/4.8.1/avrxmega7\libgcc.a(_copy_data.o)
 .text.libgcc.prologue
                0x00000000        0x0 c:/program files (x86)/atmel/atmel toolchain/avr8 gcc/native/3.4.1051/avr8-gnu-toolchain/bin/../lib/gcc/avr/4.8.1/avrxmega7\libgcc.a(_copy_data.o)
 .text.libgcc.builtins
                0x00000000        0x0 c:/program files (x86)/atmel/atmel toolchain/avr8 gcc/native/3.4.1051/avr8-gnu-toolchain/bin/../lib/gcc/avr/4.8.1/avrxmega7\libgcc.a(_copy_data.o)
 .text.libgcc.fmul
                0x00000000        0x0 c:/program files (x86)/atmel/atmel toolchain/avr8 gcc/native/3.4.1051/avr8-gnu-toolchain/bin/../lib/gcc/avr/4.8.1/avrxmega7\libgcc.a(_copy_data.o)
 .text.libgcc.fixed
                0x00000000        0x0 c:/program files (x86)/atmel/atmel toolchain/avr8 gcc/native/3.4.1051/avr8-gnu-toolchain/bin/../lib/gcc/avr/4.8.1/avrxmega7\libgcc.a(_copy_data.o)
 .text          0x00000000        0x0 c:/program files (x86)/atmel/atmel toolchain/avr8 gcc/native/3.4.1051/avr8-gnu-toolchain/bin/../lib/gcc/avr/4.8.1/avrxmega7\libgcc.a(_clear_bss.o)
 .bss           0x00000000        0x0 c:/program files (x86)/atmel/atmel toolchain/avr8 gcc/native/3.4.1051/avr8-gnu-toolchain/bin/../lib/gcc/avr/4.8.1/avrxmega7\libgcc.a(_clear_bss.o)
 .text.libgcc.mul
                0x00000000        0x0 c:/program files (x86)/atmel/atmel toolchain/avr8 gcc/native/3.4.1051/avr8-gnu-toolchain/bin/../lib/gcc/avr/4.8.1/avrxmega7\libgcc.a(_clear_bss.o)
 .text.libgcc.div
                0x00000000        0x0 c:/program files (x86)/atmel/atmel toolchain/avr8 gcc/native/3.4.1051/avr8-gnu-toolchain/bin/../lib/gcc/avr/4.8.1/avrxmega7\libgcc.a(_clear_bss.o)
 .text.libgcc   0x00000000        0x0 c:/program files (x86)/atmel/atmel toolchain/avr8 gcc/native/3.4.1051/avr8-gnu-toolchain/bin/../lib/gcc/avr/4.8.1/avrxmega7\libgcc.a(_clear_bss.o)
 .text.libgcc.prologue
                0x00000000        0x0 c:/program files (x86)/atmel/atmel toolchain/avr8 gcc/native/3.4.1051/avr8-gnu-toolchain/bin/../lib/gcc/avr/4.8.1/avrxmega7\libgcc.a(_clear_bss.o)
 .text.libgcc.builtins
                0x00000000        0x0 c:/program files (x86)/atmel/atmel toolchain/avr8 gcc/native/3.4.1051/avr8-gnu-toolchain/bin/../lib/gcc/avr/4.8.1/avrxmega7\libgcc.a(_clear_bss.o)
 .text.libgcc.fmul
                0x00000000        0x0 c:/program files (x86)/atmel/atmel toolchain/avr8 gcc/native/3.4.1051/avr8-gnu-toolchain/bin/../lib/gcc/avr/4.8.1/avrxmega7\libgcc.a(_clear_bss.o)
 .text.libgcc.fixed
                0x00000000        0x0 c:/program files (x86)/atmel/atmel toolchain/avr8 gcc/native/3.4.1051/avr8-gnu-toolchain/bin/../lib/gcc/avr/4.8.1/avrxmega7\libgcc.a(_clear_bss.o)
 .text          0x00000000        0x0 c:/program files (x86)/atmel/atmel toolchain/avr8 gcc/native/3.4.1051/avr8-gnu-toolchain/bin/../lib/gcc/avr/4.8.1/../../../../avr/lib/avrxmega7\libc.a(memset.o)
 .bss           0x00000000        0x0 c:/program files (x86)/atmel/atmel toolchain/avr8 gcc/native/3.4.1051/avr8-gnu-toolchain/bin/../lib/gcc/avr/4.8.1/../../../../avr/lib/avrxmega7\libc.a(memset.o)

Memory Configuration

Name             Origin             Length             Attributes
text             0x00000000         0x00100000         xr
data             0x00802000         0x0000ffa0         rw !x
eeprom           0x00810000         0x00010000         rw !x
fuse             0x00820000         0x00000400         rw !x
lock             0x00830000         0x00000400         rw !x
signature        0x00840000         0x00000400         rw !x
user_signatures  0x00850000         0x00000400         rw !x
*default*        0x00000000         0xffffffff

Linker script and memory map

LOAD c:/program files (x86)/atmel/atmel toolchain/avr8 gcc/native/3.4.1051/avr8-gnu-toolchain/bin/../lib/gcc/avr/4.8.1/../../../../avr/lib/avrxmega7/crtx128a1.o
LOAD src/PCTX.o
LOAD src/RS232.o
LOAD src/sensors.o
LOAD src/system.o
LOAD src/ASF/common/boards/user_board/init.o
LOAD src/ASF/common/services/clock/xmega/sysclk.o
LOAD src/ASF/common/services/ioport/xmega/ioport_compat.o
LOAD src/ASF/common/services/serial/usart_serial.o
LOAD src/ASF/xmega/drivers/cpu/ccp.o
LOAD src/ASF/xmega/drivers/usart/usart.o
LOAD src/main.o
START GROUP
LOAD c:/program files (x86)/atmel/atmel toolchain/avr8 gcc/native/3.4.1051/avr8-gnu-toolchain/bin/../lib/gcc/avr/4.8.1/../../../../avr/lib/avrxmega7\libm.a
END GROUP
START GROUP
LOAD c:/program files (x86)/atmel/atmel toolchain/avr8 gcc/native/3.4.1051/avr8-gnu-toolchain/bin/../lib/gcc/avr/4.8.1/avrxmega7\libgcc.a
LOAD c:/program files (x86)/atmel/atmel toolchain/avr8 gcc/native/3.4.1051/avr8-gnu-toolchain/bin/../lib/gcc/avr/4.8.1/../../../../avr/lib/avrxmega7\libm.a
LOAD c:/program files (x86)/atmel/atmel toolchain/avr8 gcc/native/3.4.1051/avr8-gnu-toolchain/bin/../lib/gcc/avr/4.8.1/../../../../avr/lib/avrxmega7\libc.a
END GROUP

.hash
 *(.hash)

.dynsym
 *(.dynsym)

.dynstr
 *(.dynstr)

.gnu.version
 *(.gnu.version)

.gnu.version_d
 *(.gnu.version_d)

.gnu.version_r
 *(.gnu.version_r)

.rel.init
 *(.rel.init)

.rela.init
 *(.rela.init)

.rel.text
 *(.rel.text)
 *(.rel.text.*)
 *(.rel.gnu.linkonce.t*)

.rela.text
 *(.rela.text)
 *(.rela.text.*)
 *(.rela.gnu.linkonce.t*)

.rel.fini
 *(.rel.fini)

.rela.fini
 *(.rela.fini)

.rel.rodata
 *(.rel.rodata)
 *(.rel.rodata.*)
 *(.rel.gnu.linkonce.r*)

.rela.rodata
 *(.rela.rodata)
 *(.rela.rodata.*)
 *(.rela.gnu.linkonce.r*)

.rel.data
 *(.rel.data)
 *(.rel.data.*)
 *(.rel.gnu.linkonce.d*)

.rela.data
 *(.rela.data)
 *(.rela.data.*)
 *(.rela.gnu.linkonce.d*)

.rel.ctors
 *(.rel.ctors)

.rela.ctors
 *(.rela.ctors)

.rel.dtors
 *(.rel.dtors)

.rela.dtors
 *(.rela.dtors)

.rel.got
 *(.rel.got)

.rela.got
 *(.rela.got)

.rel.bss
 *(.rel.bss)

.rela.bss
 *(.rela.bss)

.rel.plt
 *(.rel.plt)

.rela.plt
 *(.rela.plt)

.text           0x00000000      0x9f8
 *(.vectors)
 .vectors       0x00000000      0x1f4 c:/program files (x86)/atmel/atmel toolchain/avr8 gcc/native/3.4.1051/avr8-gnu-toolchain/bin/../lib/gcc/avr/4.8.1/../../../../avr/lib/avrxmega7/crtx128a1.o
                0x00000000                __vector_default
                0x00000000                __vectors
 *(.vectors)
 *(.progmem.gcc*)
                0x000001f4                . = ALIGN (0x2)
                0x000001f4                __trampolines_start = .
 *(.trampolines)
 .trampolines   0x000001f4        0x0 linker stubs
 *(.trampolines*)
                0x000001f4                __trampolines_end = .
 *(.progmem*)
                0x000001f4                . = ALIGN (0x2)
 *(.jumptables)
 *(.jumptables*)
 *(.lowtext)
 *(.lowtext*)
                0x000001f4                __ctors_start = .
 *(.ctors)
                0x000001f4                __ctors_end = .
                0x000001f4                __dtors_start = .
 *(.dtors)
                0x000001f4                __dtors_end = .
 SORT(*)(.ctors)
 SORT(*)(.dtors)
 *(.init0)
 .init0         0x000001f4        0x0 c:/program files (x86)/atmel/atmel toolchain/avr8 gcc/native/3.4.1051/avr8-gnu-toolchain/bin/../lib/gcc/avr/4.8.1/../../../../avr/lib/avrxmega7/crtx128a1.o
                0x000001f4                __init
 *(.init0)
 *(.init1)
 *(.init1)
 *(.init2)
 .init2         0x000001f4       0x18 c:/program files (x86)/atmel/atmel toolchain/avr8 gcc/native/3.4.1051/avr8-gnu-toolchain/bin/../lib/gcc/avr/4.8.1/../../../../avr/lib/avrxmega7/crtx128a1.o
 *(.init2)
 *(.init3)
 *(.init3)
 *(.init4)
 .init4         0x0000020c       0x1c c:/program files (x86)/atmel/atmel toolchain/avr8 gcc/native/3.4.1051/avr8-gnu-toolchain/bin/../lib/gcc/avr/4.8.1/avrxmega7\libgcc.a(_copy_data.o)
                0x0000020c                __do_copy_data
 .init4         0x00000228       0x10 c:/program files (x86)/atmel/atmel toolchain/avr8 gcc/native/3.4.1051/avr8-gnu-toolchain/bin/../lib/gcc/avr/4.8.1/avrxmega7\libgcc.a(_clear_bss.o)
                0x00000228                __do_clear_bss
 *(.init4)
 *(.init5)
 *(.init5)
 *(.init6)
 *(.init6)
 *(.init7)
 *(.init7)
 *(.init8)
 *(.init8)
 *(.init9)
 .init9         0x00000238        0x4 c:/program files (x86)/atmel/atmel toolchain/avr8 gcc/native/3.4.1051/avr8-gnu-toolchain/bin/../lib/gcc/avr/4.8.1/../../../../avr/lib/avrxmega7/crtx128a1.o
 *(.init9)
 *(.text)
 .text          0x0000023c        0x2 c:/program files (x86)/atmel/atmel toolchain/avr8 gcc/native/3.4.1051/avr8-gnu-toolchain/bin/../lib/gcc/avr/4.8.1/../../../../avr/lib/avrxmega7/crtx128a1.o
                0x0000023c                __vector_38
                0x0000023c                __vector_104
                0x0000023c                __vector_22
                0x0000023c                __vector_63
                0x0000023c                __vector_28
                0x0000023c                __vector_67
                0x0000023c                __vector_1
                0x0000023c                __vector_119
                0x0000023c                __vector_32
                0x0000023c                __vector_75
                0x0000023c                __vector_71
                0x0000023c                __vector_91
                0x0000023c                __vector_34
                0x0000023c                __vector_62
                0x0000023c                __vector_77
                0x0000023c                __vector_102
                0x0000023c                __vector_24
                0x0000023c                __vector_12
                0x0000023c                __vector_55
                0x0000023c                __vector_69
                0x0000023c                __vector_81
                0x0000023c                __vector_90
                0x0000023c                __vector_46
                0x0000023c                __bad_interrupt
                0x0000023c                __vector_122
                0x0000023c                __vector_72
                0x0000023c                __vector_114
                0x0000023c                __vector_6
                0x0000023c                __vector_110
                0x0000023c                __vector_31
                0x0000023c                __vector_92
                0x0000023c                __vector_35
                0x0000023c                __vector_78
                0x0000023c                __vector_74
                0x0000023c                __vector_117
                0x0000023c                __vector_39
                0x0000023c                __vector_107
                0x0000023c                __vector_3
                0x0000023c                __vector_105
                0x0000023c                __vector_98
                0x0000023c                __vector_23
                0x0000023c                __vector_68
                0x0000023c                __vector_30
                0x0000023c                __vector_73
                0x0000023c                __vector_45
                0x0000023c                __vector_25
                0x0000023c                __vector_93
                0x0000023c                __vector_61
                0x0000023c                __vector_11
                0x0000023c                __vector_54
                0x0000023c                __vector_99
                0x0000023c                __vector_13
                0x0000023c                __vector_17
                0x0000023c                __vector_19
                0x0000023c                __vector_56
                0x0000023c                __vector_7
                0x0000023c                __vector_49
                0x0000023c                __vector_123
                0x0000023c                __vector_41
                0x0000023c                __vector_86
                0x0000023c                __vector_100
                0x0000023c                __vector_101
                0x0000023c                __vector_64
                0x0000023c                __vector_88
                0x0000023c                __vector_109
                0x0000023c                __vector_43
                0x0000023c                __vector_27
                0x0000023c                __vector_5
                0x0000023c                __vector_113
                0x0000023c                __vector_33
                0x0000023c                __vector_76
                0x0000023c                __vector_115
                0x0000023c                __vector_47
                0x0000023c                __vector_52
                0x0000023c                __vector_37
                0x0000023c                __vector_95
                0x0000023c                __vector_103
                0x0000023c                __vector_96
                0x0000023c                __vector_89
                0x0000023c                __vector_108
                0x0000023c                __vector_4
                0x0000023c                __vector_44
                0x0000023c                __vector_82
                0x0000023c                __vector_106
                0x0000023c                __vector_118
                0x0000023c                __vector_51
                0x0000023c                __vector_9
                0x0000023c                __vector_2
                0x0000023c                __vector_21
                0x0000023c                __vector_15
                0x0000023c                __vector_66
                0x0000023c                __vector_36
                0x0000023c                __vector_79
                0x0000023c                __vector_58
                0x0000023c                __vector_70
                0x0000023c                __vector_83
                0x0000023c                __vector_29
                0x0000023c                __vector_60
                0x0000023c                __vector_121
                0x0000023c                __vector_40
                0x0000023c                __vector_85
                0x0000023c                __vector_94
                0x0000023c                __vector_8
                0x0000023c                __vector_26
                0x0000023c                __vector_48
                0x0000023c                __vector_124
                0x0000023c                __vector_116
                0x0000023c                __vector_112
                0x0000023c                __vector_111
                0x0000023c                __vector_80
                0x0000023c                __vector_14
                0x0000023c                __vector_84
                0x0000023c                __vector_57
                0x0000023c                __vector_53
                0x0000023c                __vector_10
                0x0000023c                __vector_50
                0x0000023c                __vector_16
                0x0000023c                __vector_59
                0x0000023c                __vector_18
                0x0000023c                __vector_97
                0x0000023c                __vector_20
                0x0000023c                __vector_42
                0x0000023c                __vector_87
                0x0000023c                __vector_65
                0x0000023c                __vector_120
                0x0000023e                . = ALIGN (0x2)
 *(.text.*)
 .text.pc_start_com
                0x0000023e       0x90 src/PCTX.o
                0x0000023e                pc_start_com
 .text.rs232_initialization
                0x000002ce       0x10 src/RS232.o
                0x000002ce                rs232_initialization
 .text.system_init
                0x000002de        0x6 src/system.o
                0x000002de                system_init
 .text.board_init
                0x000002e4        0x2 src/ASF/common/boards/user_board/init.o
                0x000002e4                board_init
 .text.sysclk_init
                0x000002e6       0x7e src/ASF/common/services/clock/xmega/sysclk.o
                0x000002e6                sysclk_init
 .text.sysclk_enable_module
                0x00000364       0x18 src/ASF/common/services/clock/xmega/sysclk.o
                0x00000364                sysclk_enable_module
 .text.usart_serial_read_packet
                0x0000037c       0x36 src/ASF/common/services/serial/usart_serial.o
                0x0000037c                usart_serial_read_packet
 .text.ccp_write_io
                0x000003b2        0xc src/ASF/xmega/drivers/cpu/ccp.o
                0x000003b2                ccp_write_io
 .text.usart_init_rs232
                0x000003be      0x5be src/ASF/xmega/drivers/usart/usart.o
                0x000003be                usart_init_rs232
 .text.usart_putchar
                0x0000097c       0x10 src/ASF/xmega/drivers/usart/usart.o
                0x0000097c                usart_putchar
 .text.usart_getchar
                0x0000098c        0xc src/ASF/xmega/drivers/usart/usart.o
                0x0000098c                usart_getchar
 .text.startup.main
                0x00000998        0xa src/main.o
                0x00000998                main
 .text.libgcc.div
                0x000009a2       0x44 c:/program files (x86)/atmel/atmel toolchain/avr8 gcc/native/3.4.1051/avr8-gnu-toolchain/bin/../lib/gcc/avr/4.8.1/avrxmega7\libgcc.a(_udivmodsi4.o)
                0x000009a2                __udivmodsi4
 .text.avr-libc
                0x000009e6        0xe c:/program files (x86)/atmel/atmel toolchain/avr8 gcc/native/3.4.1051/avr8-gnu-toolchain/bin/../lib/gcc/avr/4.8.1/../../../../avr/lib/avrxmega7\libc.a(memset.o)
                0x000009e6                memset
                0x000009f4                . = ALIGN (0x2)
 *(.fini9)
 .fini9         0x000009f4        0x0 c:/program files (x86)/atmel/atmel toolchain/avr8 gcc/native/3.4.1051/avr8-gnu-toolchain/bin/../lib/gcc/avr/4.8.1/avrxmega7\libgcc.a(_exit.o)
                0x000009f4                _exit
                0x000009f4                exit
 *(.fini9)
 *(.fini8)
 *(.fini8)
 *(.fini7)
 *(.fini7)
 *(.fini6)
 *(.fini6)
 *(.fini5)
 *(.fini5)
 *(.fini4)
 *(.fini4)
 *(.fini3)
 *(.fini3)
 *(.fini2)
 *(.fini2)
 *(.fini1)
 *(.fini1)
 *(.fini0)
 .fini0         0x000009f4        0x4 c:/program files (x86)/atmel/atmel toolchain/avr8 gcc/native/3.4.1051/avr8-gnu-toolchain/bin/../lib/gcc/avr/4.8.1/avrxmega7\libgcc.a(_exit.o)
 *(.fini0)
                0x000009f8                _etext = .

.data           0x00802000        0x8 load address 0x000009f8
                0x00802000                PROVIDE (__data_start, .)
 *(.data)
 .data          0x00802000        0x0 c:/program files (x86)/atmel/atmel toolchain/avr8 gcc/native/3.4.1051/avr8-gnu-toolchain/bin/../lib/gcc/avr/4.8.1/../../../../avr/lib/avrxmega7/crtx128a1.o
 .data          0x00802000        0x0 src/PCTX.o
 .data          0x00802000        0x0 src/RS232.o
 .data          0x00802000        0x0 src/sensors.o
 .data          0x00802000        0x0 src/system.o
 .data          0x00802000        0x0 src/ASF/common/boards/user_board/init.o
 .data          0x00802000        0x0 src/ASF/common/services/clock/xmega/sysclk.o
 .data          0x00802000        0x0 src/ASF/common/services/ioport/xmega/ioport_compat.o
 .data          0x00802000        0x0 src/ASF/common/services/serial/usart_serial.o
 .data          0x00802000        0x0 src/ASF/xmega/drivers/cpu/ccp.o
 .data          0x00802000        0x0 src/ASF/xmega/drivers/usart/usart.o
 .data          0x00802000        0x0 src/main.o
 .data          0x00802000        0x0 c:/program files (x86)/atmel/atmel toolchain/avr8 gcc/native/3.4.1051/avr8-gnu-toolchain/bin/../lib/gcc/avr/4.8.1/avrxmega7\libgcc.a(_udivmodsi4.o)
 .data          0x00802000        0x0 c:/program files (x86)/atmel/atmel toolchain/avr8 gcc/native/3.4.1051/avr8-gnu-toolchain/bin/../lib/gcc/avr/4.8.1/avrxmega7\libgcc.a(_exit.o)
 .data          0x00802000        0x0 c:/program files (x86)/atmel/atmel toolchain/avr8 gcc/native/3.4.1051/avr8-gnu-toolchain/bin/../lib/gcc/avr/4.8.1/avrxmega7\libgcc.a(_copy_data.o)
 .data          0x00802000        0x0 c:/program files (x86)/atmel/atmel toolchain/avr8 gcc/native/3.4.1051/avr8-gnu-toolchain/bin/../lib/gcc/avr/4.8.1/avrxmega7\libgcc.a(_clear_bss.o)
 .data          0x00802000        0x0 c:/program files (x86)/atmel/atmel toolchain/avr8 gcc/native/3.4.1051/avr8-gnu-toolchain/bin/../lib/gcc/avr/4.8.1/../../../../avr/lib/avrxmega7\libc.a(memset.o)
 *(.data*)
 .data.USART_SERIAL_OPTIONS
                0x00802000        0x7 src/RS232.o
 *(.rodata)
 *(.rodata*)
 *(.gnu.linkonce.d*)
                0x00802008                . = ALIGN (0x2)
 *fill*         0x00802007        0x1 
                0x00802008                _edata = .
                0x00802008                PROVIDE (__data_end, .)

.bss            0x00802008        0x4
                0x00802008                PROVIDE (__bss_start, .)
 *(.bss)
 *(.bss*)
 *(COMMON)
 COMMON         0x00802008        0x4 src/PCTX.o
                0x00802008                rx_buf
                0x0080200a                tx_buf
                0x0080200c                PROVIDE (__bss_end, .)
                0x000009f8                __data_load_start = LOADADDR (.data)
                0x00000a00                __data_load_end = (__data_load_start + SIZEOF (.data))

.noinit         0x0080200c        0x0
                0x0080200c                PROVIDE (__noinit_start, .)
 *(.noinit*)
                0x0080200c                PROVIDE (__noinit_end, .)
                0x0080200c                _end = .
                0x0080200c                PROVIDE (__heap_start, .)

.eeprom         0x00810000        0x0
 *(.eeprom*)
                0x00810000                __eeprom_end = .

.fuse
 *(.fuse)
 *(.lfuse)
 *(.hfuse)
 *(.efuse)

.lock
 *(.lock*)

.signature
 *(.signature*)

.user_signatures
 *(.user_signatures*)

.stab
 *(.stab)

.stabstr
 *(.stabstr)

.stab.excl
 *(.stab.excl)

.stab.exclstr
 *(.stab.exclstr)

.stab.index
 *(.stab.index)

.stab.indexstr
 *(.stab.indexstr)

.comment        0x00000000       0x30
 *(.comment)
 .comment       0x00000000       0x30 src/PCTX.o
                                 0x31 (size before relaxing)
 .comment       0x00000000       0x31 src/RS232.o
 .comment       0x00000000       0x31 src/sensors.o
 .comment       0x00000000       0x31 src/system.o
 .comment       0x00000000       0x31 src/ASF/common/boards/user_board/init.o
 .comment       0x00000000       0x31 src/ASF/common/services/clock/xmega/sysclk.o
 .comment       0x00000000       0x31 src/ASF/common/services/ioport/xmega/ioport_compat.o
 .comment       0x00000000       0x31 src/ASF/common/services/serial/usart_serial.o
 .comment       0x00000000       0x31 src/ASF/xmega/drivers/usart/usart.o
 .comment       0x00000000       0x31 src/main.o

.note.gnu.build-id
 *(.note.gnu.build-id)

.debug
 *(.debug)

.line
 *(.line)

.debug_srcinfo
 *(.debug_srcinfo)

.debug_sfnames
 *(.debug_sfnames)

.debug_aranges  0x00000000      0x1c0
 *(.debug_aranges)
 .debug_aranges
                0x00000000       0x30 src/PCTX.o
 .debug_aranges
                0x00000030       0x28 src/RS232.o
 .debug_aranges
                0x00000058       0x20 src/sensors.o
 .debug_aranges
                0x00000078       0x20 src/system.o
 .debug_aranges
                0x00000098       0x20 src/ASF/common/boards/user_board/init.o
 .debug_aranges
                0x000000b8       0x30 src/ASF/common/services/clock/xmega/sysclk.o
 .debug_aranges
                0x000000e8       0x18 src/ASF/common/services/ioport/xmega/ioport_compat.o
 .debug_aranges
                0x00000100       0x28 src/ASF/common/services/serial/usart_serial.o
 .debug_aranges
                0x00000128       0x20 src/ASF/xmega/drivers/cpu/ccp.o
 .debug_aranges
                0x00000148       0x58 src/ASF/xmega/drivers/usart/usart.o
 .debug_aranges
                0x000001a0       0x20 src/main.o

.debug_pubnames
 *(.debug_pubnames)

.debug_info     0x00000000     0x4ecf
 *(.debug_info .gnu.linkonce.wi.*)
 .debug_info    0x00000000      0x487 src/PCTX.o
 .debug_info    0x00000487      0x491 src/RS232.o
 .debug_info    0x00000918       0xfb src/sensors.o
 .debug_info    0x00000a13      0x131 src/system.o
 .debug_info    0x00000b44       0xd3 src/ASF/common/boards/user_board/init.o
 .debug_info    0x00000c17      0x992 src/ASF/common/services/clock/xmega/sysclk.o
 .debug_info    0x000015a9       0x6f src/ASF/common/services/ioport/xmega/ioport_compat.o
 .debug_info    0x00001618      0x393 src/ASF/common/services/serial/usart_serial.o
 .debug_info    0x000019ab       0xa8 src/ASF/xmega/drivers/cpu/ccp.o
 .debug_info    0x00001a53     0x3374 src/ASF/xmega/drivers/usart/usart.o
 .debug_info    0x00004dc7      0x108 src/main.o

.debug_abbrev   0x00000000      0xe96
 *(.debug_abbrev)
 .debug_abbrev  0x00000000      0x1d8 src/PCTX.o
 .debug_abbrev  0x000001d8      0x1c2 src/RS232.o
 .debug_abbrev  0x0000039a       0x8a src/sensors.o
 .debug_abbrev  0x00000424       0xc9 src/system.o
 .debug_abbrev  0x000004ed       0x7a src/ASF/common/boards/user_board/init.o
 .debug_abbrev  0x00000567      0x2bd src/ASF/common/services/clock/xmega/sysclk.o
 .debug_abbrev  0x00000824       0x29 src/ASF/common/services/ioport/xmega/ioport_compat.o
 .debug_abbrev  0x0000084d      0x18b src/ASF/common/services/serial/usart_serial.o
 .debug_abbrev  0x000009d8       0x14 src/ASF/xmega/drivers/cpu/ccp.o
 .debug_abbrev  0x000009ec      0x3fc src/ASF/xmega/drivers/usart/usart.o
 .debug_abbrev  0x00000de8       0xae src/main.o

.debug_line     0x00000000     0x4023
 *(.debug_line .debug_line.* .debug_line_end)
 .debug_line    0x00000000      0x6e3 src/PCTX.o
 .debug_line    0x000006e3      0x687 src/RS232.o
 .debug_line    0x00000d6a      0x162 src/sensors.o
 .debug_line    0x00000ecc      0x64c src/system.o
 .debug_line    0x00001518      0x61e src/ASF/common/boards/user_board/init.o
 .debug_line    0x00001b36      0x5fc src/ASF/common/services/clock/xmega/sysclk.o
 .debug_line    0x00002132      0x424 src/ASF/common/services/ioport/xmega/ioport_compat.o
 .debug_line    0x00002556      0x5f6 src/ASF/common/services/serial/usart_serial.o
 .debug_line    0x00002b4c       0x6e src/ASF/xmega/drivers/cpu/ccp.o
 .debug_line    0x00002bba      0xdfc src/ASF/xmega/drivers/usart/usart.o
 .debug_line    0x000039b6      0x66d src/main.o

.debug_frame    0x00000000      0x33c
 *(.debug_frame)
 .debug_frame   0x00000000       0x5c src/PCTX.o
 .debug_frame   0x0000005c       0x44 src/RS232.o
 .debug_frame   0x000000a0       0x24 src/sensors.o
 .debug_frame   0x000000c4       0x24 src/system.o
 .debug_frame   0x000000e8       0x24 src/ASF/common/boards/user_board/init.o
 .debug_frame   0x0000010c       0x44 src/ASF/common/services/clock/xmega/sysclk.o
 .debug_frame   0x00000150       0x74 src/ASF/common/services/serial/usart_serial.o
 .debug_frame   0x000001c4      0x154 src/ASF/xmega/drivers/usart/usart.o
 .debug_frame   0x00000318       0x24 src/main.o

.debug_str      0x00000000    0x25689
 *(.debug_str)
 .debug_str     0x00000000    0x24044 src/PCTX.o
                              0x2470f (size before relaxing)
 .debug_str     0x00024044      0x1f8 src/RS232.o
                              0x247c2 (size before relaxing)
 .debug_str     0x0002423c       0x22 src/sensors.o
                               0x32ec (size before relaxing)
 .debug_str     0x0002425e       0x45 src/system.o
                              0x24484 (size before relaxing)
 .debug_str     0x000242a3       0x2b src/ASF/common/boards/user_board/init.o
                              0x2442e (size before relaxing)
 .debug_str     0x000242ce      0x2a6 src/ASF/common/services/clock/xmega/sysclk.o
                              0x2436f (size before relaxing)
 .debug_str     0x00024574      0x3c9 src/ASF/common/services/ioport/xmega/ioport_compat.o
                              0x23390 (size before relaxing)
 .debug_str     0x0002493d       0x61 src/ASF/common/services/serial/usart_serial.o
                              0x24274 (size before relaxing)
 .debug_str     0x0002499e      0xccd src/ASF/xmega/drivers/usart/usart.o
                              0x254a3 (size before relaxing)
 .debug_str     0x0002566b       0x1e src/main.o
                              0x244b1 (size before relaxing)

.debug_loc      0x00000000     0x2d37
 *(.debug_loc)
 .debug_loc     0x00000000      0x188 src/PCTX.o
 .debug_loc     0x00000188       0x84 src/RS232.o
 .debug_loc     0x0000020c       0x28 src/sensors.o
 .debug_loc     0x00000234      0x14c src/ASF/common/services/clock/xmega/sysclk.o
 .debug_loc     0x00000380      0x280 src/ASF/common/services/serial/usart_serial.o
 .debug_loc     0x00000600     0x2737 src/ASF/xmega/drivers/usart/usart.o

.debug_macinfo
 *(.debug_macinfo)

.debug_weaknames
 *(.debug_weaknames)

.debug_funcnames
 *(.debug_funcnames)

.debug_typenames
 *(.debug_typenames)

.debug_varnames
 *(.debug_varnames)

.debug_pubtypes
 *(.debug_pubtypes)

.debug_ranges   0x00000000      0x2d8
 *(.debug_ranges)
 .debug_ranges  0x00000000       0x38 src/PCTX.o
 .debug_ranges  0x00000038       0x18 src/RS232.o
 .debug_ranges  0x00000050       0x10 src/sensors.o
 .debug_ranges  0x00000060       0x10 src/system.o
 .debug_ranges  0x00000070       0x10 src/ASF/common/boards/user_board/init.o
 .debug_ranges  0x00000080       0x50 src/ASF/common/services/clock/xmega/sysclk.o
 .debug_ranges  0x000000d0       0x18 src/ASF/common/services/serial/usart_serial.o
 .debug_ranges  0x000000e8      0x1e0 src/ASF/xmega/drivers/usart/usart.o
 .debug_ranges  0x000002c8       0x10 src/main.o

.debug_macro    0x00000000     0x94d3
 *(.debug_macro)
 .debug_macro   0x00000000      0x25f src/PCTX.o
 .debug_macro   0x0000025f      0xa66 src/PCTX.o
 .debug_macro   0x00000cc5       0x1c src/PCTX.o
 .debug_macro   0x00000ce1      0x1ad src/PCTX.o
 .debug_macro   0x00000e8e       0x22 src/PCTX.o
 .debug_macro   0x00000eb0       0x10 src/PCTX.o
 .debug_macro   0x00000ec0       0x10 src/PCTX.o
 .debug_macro   0x00000ed0      0x299 src/PCTX.o
 .debug_macro   0x00001169       0x9e src/PCTX.o
 .debug_macro   0x00001207     0x5272 src/PCTX.o
 .debug_macro   0x00006479       0x9a src/PCTX.o
 .debug_macro   0x00006513       0xf1 src/PCTX.o
 .debug_macro   0x00006604       0x34 src/PCTX.o
 .debug_macro   0x00006638       0x10 src/PCTX.o
 .debug_macro   0x00006648       0x18 src/PCTX.o
 .debug_macro   0x00006660       0x5e src/PCTX.o
 .debug_macro   0x000066be       0x10 src/PCTX.o
 .debug_macro   0x000066ce       0x22 src/PCTX.o
 .debug_macro   0x000066f0      0x166 src/PCTX.o
 .debug_macro   0x00006856       0x1c src/PCTX.o
 .debug_macro   0x00006872       0x35 src/PCTX.o
 .debug_macro   0x000068a7       0x66 src/PCTX.o
 .debug_macro   0x0000690d      0x3b9 src/PCTX.o
 .debug_macro   0x00006cc6       0x97 src/PCTX.o
 .debug_macro   0x00006d5d       0x17 src/PCTX.o
 .debug_macro   0x00006d74      0x250 src/PCTX.o
 .debug_macro   0x00006fc4       0x76 src/PCTX.o
 .debug_macro   0x0000703a       0x16 src/PCTX.o
 .debug_macro   0x00007050      0x6e0 src/PCTX.o
 .debug_macro   0x00007730       0x10 src/PCTX.o
 .debug_macro   0x00007740      0x175 src/PCTX.o
 .debug_macro   0x000078b5       0x40 src/PCTX.o
 .debug_macro   0x000078f5       0x69 src/PCTX.o
 .debug_macro   0x0000795e       0x32 src/PCTX.o
 .debug_macro   0x00007990       0xe4 src/PCTX.o
 .debug_macro   0x00007a74       0x34 src/PCTX.o
 .debug_macro   0x00007aa8      0x20d src/PCTX.o
 .debug_macro   0x00007cb5       0x22 src/PCTX.o
 .debug_macro   0x00007cd7       0x9a src/PCTX.o
 .debug_macro   0x00007d71       0x2e src/PCTX.o
 .debug_macro   0x00007d9f       0x82 src/PCTX.o
 .debug_macro   0x00007e21       0x2f src/PCTX.o
 .debug_macro   0x00007e50      0x13f src/PCTX.o
 .debug_macro   0x00007f8f       0x3a src/PCTX.o
 .debug_macro   0x00007fc9       0x28 src/PCTX.o
 .debug_macro   0x00007ff1      0x246 src/RS232.o
 .debug_macro   0x00008237      0x293 src/RS232.o
 .debug_macro   0x000084ca       0x2d src/sensors.o
 .debug_macro   0x000084f7      0x24f src/system.o
 .debug_macro   0x00008746      0x246 src/ASF/common/boards/user_board/init.o
 .debug_macro   0x0000898c      0x1dc src/ASF/common/services/clock/xmega/sysclk.o
 .debug_macro   0x00008b68      0x18f src/ASF/common/services/ioport/xmega/ioport_compat.o
 .debug_macro   0x00008cf7      0x109 src/ASF/common/services/ioport/xmega/ioport_compat.o
 .debug_macro   0x00008e00      0x21c src/ASF/common/services/serial/usart_serial.o
 .debug_macro   0x0000901c       0x34 src/ASF/common/services/serial/usart_serial.o
 .debug_macro   0x00009050      0x218 src/ASF/xmega/drivers/usart/usart.o
 .debug_macro   0x00009268      0x26b src/main.o
OUTPUT(Pandora_xMega.elf elf32-avr)
LOAD linker stubs
